<!doctype html public "-//w3c//dtd html 4.0 transitional//en">
<html><head>
<title>Static Call Graph - [template\template.axf]</title></head>
<body><HR>
<H1>Static Call Graph for image template\template.axf</H1><HR>
<BR><P>#&#060CALLGRAPH&#062# ARM Linker, 5060960: Last Updated: Thu Jul 15 15:46:38 2021
<BR><P>
<H3>Maximum Stack Usage =       1016 bytes + Unknown(Cycles, Untraceable Function Pointers)</H3><H3>
Call chain for Maximum Stack Depth:</H3>
touchgfx::GraphLabelsX::draw(const touchgfx::Rect&) const &rArr; touchgfx::GraphLabelsX::drawIndexRange(const touchgfx::Rect&, const touchgfx::Font*, const touchgfx::AbstractDataGraph*, int, int, unsigned char) const &rArr; touchgfx::GraphLabelsX::drawString(const touchgfx::Rect&, const touchgfx::Font*, const touchgfx::AbstractDataGraph*, int, unsigned char) const &rArr; touchgfx::LCD::drawString(touchgfx::Rect, const touchgfx::Rect&, const touchgfx::LCD::StringVisuals&, const unsigned short*, ...) &rArr; touchgfx::LCD::drawStringLTR(const touchgfx::Rect&, const touchgfx::Rect&, const touchgfx::LCD::StringVisuals&, const unsigned short*, std::__va_list) &rArr; touchgfx::LCD::drawStringInternal(unsigned short*, const touchgfx::Rect*, short, short&, const touchgfx::Rect&, const touchgfx::LCD::StringVisuals*, unsigned char, touchgfx::TextProvider&, int, bool) &rArr; touchgfx::TextProvider::getNextLigature(unsigned char, const touchgfx::Font*, const touchgfx::GlyphNode*&, const unsigned char*&, unsigned char&) &rArr; touchgfx::TextProvider::getNextLigature(unsigned char) &rArr; touchgfx::TextProvider::substituteGlyphs() &rArr; touchgfx::TextProvider::applyGsubRules(const unsigned short*, unsigned short) &rArr; touchgfx::TextProvider::replaceInputCharacters(unsigned short, unsigned short, const unsigned short*) &rArr; touchgfx::TextProvider::fillInputBuffer() &rArr; touchgfx::TextProvider::circularBuffer&lang;(unsigned)10&rang;::pushBack(unsigned short)
<P>
<H3>
Mutually Recursive functions
</H3> <LI><a href="#[d]">BusFault_Handler</a>&nbsp;&nbsp;&nbsp;&rArr;&nbsp;&nbsp;&nbsp;<a href="#[d]">BusFault_Handler</a><BR>
 <LI><a href="#[b]">HardFault_Handler</a>&nbsp;&nbsp;&nbsp;&rArr;&nbsp;&nbsp;&nbsp;<a href="#[b]">HardFault_Handler</a><BR>
 <LI><a href="#[a]">NMI_Handler</a>&nbsp;&nbsp;&nbsp;&rArr;&nbsp;&nbsp;&nbsp;<a href="#[a]">NMI_Handler</a><BR>
 <LI><a href="#[2c2]">touchgfx::Screen::JSMOC(const touchgfx::Rect&, touchgfx::Drawable*)</a>&nbsp;&nbsp;&nbsp;&rArr;&nbsp;&nbsp;&nbsp;<a href="#[2c2]">touchgfx::Screen::JSMOC(const touchgfx::Rect&, touchgfx::Drawable*)</a><BR>
 <LI><a href="#[27e]">touchgfx::TextProvider::getNextCharInternal()</a>&nbsp;&nbsp;&nbsp;&rArr;&nbsp;&nbsp;&nbsp;<a href="#[27e]">touchgfx::TextProvider::getNextCharInternal()</a><BR>
 <LI><a href="#[8b]">ADC3_IRQHandler</a>&nbsp;&nbsp;&nbsp;&rArr;&nbsp;&nbsp;&nbsp;<a href="#[8b]">ADC3_IRQHandler</a><BR>
 <LI><a href="#[c]">MemManage_Handler</a>&nbsp;&nbsp;&nbsp;&rArr;&nbsp;&nbsp;&nbsp;<a href="#[c]">MemManage_Handler</a><BR>
 <LI><a href="#[e]">UsageFault_Handler</a>&nbsp;&nbsp;&nbsp;&rArr;&nbsp;&nbsp;&nbsp;<a href="#[e]">UsageFault_Handler</a><BR>
</UL>
<P>
<H3>
Function Pointers
</H3><UL>
 <LI><a href="#[8b]">ADC3_IRQHandler</a> from startup_stm32h750xx.o(.text) referenced from startup_stm32h750xx.o(RESET)
 <LI><a href="#[25]">ADC_IRQHandler</a> from startup_stm32h750xx.o(.text) referenced from startup_stm32h750xx.o(RESET)
 <LI><a href="#[8d]">BDMA_Channel0_IRQHandler</a> from startup_stm32h750xx.o(.text) referenced from startup_stm32h750xx.o(RESET)
 <LI><a href="#[8e]">BDMA_Channel1_IRQHandler</a> from startup_stm32h750xx.o(.text) referenced from startup_stm32h750xx.o(RESET)
 <LI><a href="#[8f]">BDMA_Channel2_IRQHandler</a> from startup_stm32h750xx.o(.text) referenced from startup_stm32h750xx.o(RESET)
 <LI><a href="#[90]">BDMA_Channel3_IRQHandler</a> from startup_stm32h750xx.o(.text) referenced from startup_stm32h750xx.o(RESET)
 <LI><a href="#[91]">BDMA_Channel4_IRQHandler</a> from startup_stm32h750xx.o(.text) referenced from startup_stm32h750xx.o(RESET)
 <LI><a href="#[92]">BDMA_Channel5_IRQHandler</a> from startup_stm32h750xx.o(.text) referenced from startup_stm32h750xx.o(RESET)
 <LI><a href="#[93]">BDMA_Channel6_IRQHandler</a> from startup_stm32h750xx.o(.text) referenced from startup_stm32h750xx.o(RESET)
 <LI><a href="#[94]">BDMA_Channel7_IRQHandler</a> from startup_stm32h750xx.o(.text) referenced from startup_stm32h750xx.o(RESET)
 <LI><a href="#[d]">BusFault_Handler</a> from stm32h7xx_it.o(i.BusFault_Handler) referenced from startup_stm32h750xx.o(RESET)
 <LI><a href="#[6c]">CEC_IRQHandler</a> from startup_stm32h750xx.o(.text) referenced from startup_stm32h750xx.o(RESET)
 <LI><a href="#[95]">COMP1_IRQHandler</a> from startup_stm32h750xx.o(.text) referenced from startup_stm32h750xx.o(RESET)
 <LI><a href="#[9b]">CRS_IRQHandler</a> from startup_stm32h750xx.o(.text) referenced from startup_stm32h750xx.o(RESET)
 <LI><a href="#[5d]">CRYP_IRQHandler</a> from startup_stm32h750xx.o(.text) referenced from startup_stm32h750xx.o(RESET)
 <LI><a href="#[5c]">DCMI_IRQHandler</a> from startup_stm32h750xx.o(.text) referenced from startup_stm32h750xx.o(RESET)
 <LI><a href="#[7c]">DFSDM1_FLT0_IRQHandler</a> from startup_stm32h750xx.o(.text) referenced from startup_stm32h750xx.o(RESET)
 <LI><a href="#[7d]">DFSDM1_FLT1_IRQHandler</a> from startup_stm32h750xx.o(.text) referenced from startup_stm32h750xx.o(RESET)
 <LI><a href="#[7e]">DFSDM1_FLT2_IRQHandler</a> from startup_stm32h750xx.o(.text) referenced from startup_stm32h750xx.o(RESET)
 <LI><a href="#[7f]">DFSDM1_FLT3_IRQHandler</a> from startup_stm32h750xx.o(.text) referenced from startup_stm32h750xx.o(RESET)
 <LI><a href="#[1e]">DMA1_Stream0_IRQHandler</a> from startup_stm32h750xx.o(.text) referenced from startup_stm32h750xx.o(RESET)
 <LI><a href="#[1f]">DMA1_Stream1_IRQHandler</a> from startup_stm32h750xx.o(.text) referenced from startup_stm32h750xx.o(RESET)
 <LI><a href="#[20]">DMA1_Stream2_IRQHandler</a> from startup_stm32h750xx.o(.text) referenced from startup_stm32h750xx.o(RESET)
 <LI><a href="#[21]">DMA1_Stream3_IRQHandler</a> from startup_stm32h750xx.o(.text) referenced from startup_stm32h750xx.o(RESET)
 <LI><a href="#[22]">DMA1_Stream4_IRQHandler</a> from startup_stm32h750xx.o(.text) referenced from startup_stm32h750xx.o(RESET)
 <LI><a href="#[23]">DMA1_Stream5_IRQHandler</a> from startup_stm32h750xx.o(.text) referenced from startup_stm32h750xx.o(RESET)
 <LI><a href="#[24]">DMA1_Stream6_IRQHandler</a> from startup_stm32h750xx.o(.text) referenced from startup_stm32h750xx.o(RESET)
 <LI><a href="#[41]">DMA1_Stream7_IRQHandler</a> from startup_stm32h750xx.o(.text) referenced from startup_stm32h750xx.o(RESET)
 <LI><a href="#[68]">DMA2D_IRQHandler</a> from stm32h7xx_it.o(i.DMA2D_IRQHandler) referenced from startup_stm32h750xx.o(RESET)
 <LI><a href="#[4a]">DMA2_Stream0_IRQHandler</a> from startup_stm32h750xx.o(.text) referenced from startup_stm32h750xx.o(RESET)
 <LI><a href="#[4b]">DMA2_Stream1_IRQHandler</a> from startup_stm32h750xx.o(.text) referenced from startup_stm32h750xx.o(RESET)
 <LI><a href="#[4c]">DMA2_Stream2_IRQHandler</a> from startup_stm32h750xx.o(.text) referenced from startup_stm32h750xx.o(RESET)
 <LI><a href="#[4d]">DMA2_Stream3_IRQHandler</a> from startup_stm32h750xx.o(.text) referenced from startup_stm32h750xx.o(RESET)
 <LI><a href="#[4e]">DMA2_Stream4_IRQHandler</a> from startup_stm32h750xx.o(.text) referenced from startup_stm32h750xx.o(RESET)
 <LI><a href="#[52]">DMA2_Stream5_IRQHandler</a> from startup_stm32h750xx.o(.text) referenced from startup_stm32h750xx.o(RESET)
 <LI><a href="#[53]">DMA2_Stream6_IRQHandler</a> from startup_stm32h750xx.o(.text) referenced from startup_stm32h750xx.o(RESET)
 <LI><a href="#[54]">DMA2_Stream7_IRQHandler</a> from startup_stm32h750xx.o(.text) referenced from startup_stm32h750xx.o(RESET)
 <LI><a href="#[74]">DMAMUX1_OVR_IRQHandler</a> from startup_stm32h750xx.o(.text) referenced from startup_stm32h750xx.o(RESET)
 <LI><a href="#[8c]">DMAMUX2_OVR_IRQHandler</a> from startup_stm32h750xx.o(.text) referenced from startup_stm32h750xx.o(RESET)
 <LI><a href="#[10]">DebugMon_Handler</a> from stm32h7xx_it.o(i.DebugMon_Handler) referenced from startup_stm32h750xx.o(RESET)
 <LI><a href="#[9c]">ECC_IRQHandler</a> from startup_stm32h750xx.o(.text) referenced from startup_stm32h750xx.o(RESET)
 <LI><a href="#[4f]">ETH_IRQHandler</a> from startup_stm32h750xx.o(.text) referenced from startup_stm32h750xx.o(RESET)
 <LI><a href="#[50]">ETH_WKUP_IRQHandler</a> from startup_stm32h750xx.o(.text) referenced from startup_stm32h750xx.o(RESET)
 <LI><a href="#[19]">EXTI0_IRQHandler</a> from startup_stm32h750xx.o(.text) referenced from startup_stm32h750xx.o(RESET)
 <LI><a href="#[3b]">EXTI15_10_IRQHandler</a> from startup_stm32h750xx.o(.text) referenced from startup_stm32h750xx.o(RESET)
 <LI><a href="#[1a]">EXTI1_IRQHandler</a> from startup_stm32h750xx.o(.text) referenced from startup_stm32h750xx.o(RESET)
 <LI><a href="#[1b]">EXTI2_IRQHandler</a> from startup_stm32h750xx.o(.text) referenced from startup_stm32h750xx.o(RESET)
 <LI><a href="#[1c]">EXTI3_IRQHandler</a> from startup_stm32h750xx.o(.text) referenced from startup_stm32h750xx.o(RESET)
 <LI><a href="#[1d]">EXTI4_IRQHandler</a> from startup_stm32h750xx.o(.text) referenced from startup_stm32h750xx.o(RESET)
 <LI><a href="#[2a]">EXTI9_5_IRQHandler</a> from startup_stm32h750xx.o(.text) referenced from startup_stm32h750xx.o(RESET)
 <LI><a href="#[26]">FDCAN1_IT0_IRQHandler</a> from startup_stm32h750xx.o(.text) referenced from startup_stm32h750xx.o(RESET)
 <LI><a href="#[28]">FDCAN1_IT1_IRQHandler</a> from startup_stm32h750xx.o(.text) referenced from startup_stm32h750xx.o(RESET)
 <LI><a href="#[27]">FDCAN2_IT0_IRQHandler</a> from startup_stm32h750xx.o(.text) referenced from startup_stm32h750xx.o(RESET)
 <LI><a href="#[29]">FDCAN2_IT1_IRQHandler</a> from startup_stm32h750xx.o(.text) referenced from startup_stm32h750xx.o(RESET)
 <LI><a href="#[51]">FDCAN_CAL_IRQHandler</a> from startup_stm32h750xx.o(.text) referenced from startup_stm32h750xx.o(RESET)
 <LI><a href="#[17]">FLASH_IRQHandler</a> from startup_stm32h750xx.o(.text) referenced from startup_stm32h750xx.o(RESET)
 <LI><a href="#[42]">FMC_IRQHandler</a> from stm32h7xx_it.o(i.FMC_IRQHandler) referenced from startup_stm32h750xx.o(RESET)
 <LI><a href="#[5f]">FPU_IRQHandler</a> from startup_stm32h750xx.o(.text) referenced from startup_stm32h750xx.o(RESET)
 <LI><a href="#[5e]">HASH_RNG_IRQHandler</a> from startup_stm32h750xx.o(.text) referenced from startup_stm32h750xx.o(RESET)
 <LI><a href="#[7b]">HRTIM1_FLT_IRQHandler</a> from startup_stm32h750xx.o(.text) referenced from startup_stm32h750xx.o(RESET)
 <LI><a href="#[75]">HRTIM1_Master_IRQHandler</a> from startup_stm32h750xx.o(.text) referenced from startup_stm32h750xx.o(RESET)
 <LI><a href="#[76]">HRTIM1_TIMA_IRQHandler</a> from startup_stm32h750xx.o(.text) referenced from startup_stm32h750xx.o(RESET)
 <LI><a href="#[77]">HRTIM1_TIMB_IRQHandler</a> from startup_stm32h750xx.o(.text) referenced from startup_stm32h750xx.o(RESET)
 <LI><a href="#[78]">HRTIM1_TIMC_IRQHandler</a> from startup_stm32h750xx.o(.text) referenced from startup_stm32h750xx.o(RESET)
 <LI><a href="#[79]">HRTIM1_TIMD_IRQHandler</a> from startup_stm32h750xx.o(.text) referenced from startup_stm32h750xx.o(RESET)
 <LI><a href="#[7a]">HRTIM1_TIME_IRQHandler</a> from startup_stm32h750xx.o(.text) referenced from startup_stm32h750xx.o(RESET)
 <LI><a href="#[8a]">HSEM1_IRQHandler</a> from startup_stm32h750xx.o(.text) referenced from startup_stm32h750xx.o(RESET)
 <LI><a href="#[b]">HardFault_Handler</a> from stm32h7xx_it.o(i.HardFault_Handler) referenced from startup_stm32h750xx.o(RESET)
 <LI><a href="#[33]">I2C1_ER_IRQHandler</a> from startup_stm32h750xx.o(.text) referenced from startup_stm32h750xx.o(RESET)
 <LI><a href="#[32]">I2C1_EV_IRQHandler</a> from startup_stm32h750xx.o(.text) referenced from startup_stm32h750xx.o(RESET)
 <LI><a href="#[35]">I2C2_ER_IRQHandler</a> from startup_stm32h750xx.o(.text) referenced from startup_stm32h750xx.o(RESET)
 <LI><a href="#[34]">I2C2_EV_IRQHandler</a> from startup_stm32h750xx.o(.text) referenced from startup_stm32h750xx.o(RESET)
 <LI><a href="#[57]">I2C3_ER_IRQHandler</a> from startup_stm32h750xx.o(.text) referenced from startup_stm32h750xx.o(RESET)
 <LI><a href="#[56]">I2C3_EV_IRQHandler</a> from startup_stm32h750xx.o(.text) referenced from startup_stm32h750xx.o(RESET)
 <LI><a href="#[6e]">I2C4_ER_IRQHandler</a> from startup_stm32h750xx.o(.text) referenced from startup_stm32h750xx.o(RESET)
 <LI><a href="#[6d]">I2C4_EV_IRQHandler</a> from startup_stm32h750xx.o(.text) referenced from startup_stm32h750xx.o(RESET)
 <LI><a href="#[87]">JPEG_IRQHandler</a> from startup_stm32h750xx.o(.text) referenced from startup_stm32h750xx.o(RESET)
 <LI><a href="#[6b]">LPTIM1_IRQHandler</a> from startup_stm32h750xx.o(.text) referenced from startup_stm32h750xx.o(RESET)
 <LI><a href="#[96]">LPTIM2_IRQHandler</a> from startup_stm32h750xx.o(.text) referenced from startup_stm32h750xx.o(RESET)
 <LI><a href="#[97]">LPTIM3_IRQHandler</a> from startup_stm32h750xx.o(.text) referenced from startup_stm32h750xx.o(RESET)
 <LI><a href="#[98]">LPTIM4_IRQHandler</a> from startup_stm32h750xx.o(.text) referenced from startup_stm32h750xx.o(RESET)
 <LI><a href="#[99]">LPTIM5_IRQHandler</a> from startup_stm32h750xx.o(.text) referenced from startup_stm32h750xx.o(RESET)
 <LI><a href="#[9a]">LPUART1_IRQHandler</a> from startup_stm32h750xx.o(.text) referenced from startup_stm32h750xx.o(RESET)
 <LI><a href="#[67]">LTDC_ER_IRQHandler</a> from startup_stm32h750xx.o(.text) referenced from startup_stm32h750xx.o(RESET)
 <LI><a href="#[66]">LTDC_IRQHandler</a> from stm32h7xx_it.o(i.LTDC_IRQHandler) referenced from startup_stm32h750xx.o(RESET)
 <LI><a href="#[86]">MDIOS_IRQHandler</a> from startup_stm32h750xx.o(.text) referenced from startup_stm32h750xx.o(RESET)
 <LI><a href="#[85]">MDIOS_WKUP_IRQHandler</a> from startup_stm32h750xx.o(.text) referenced from startup_stm32h750xx.o(RESET)
 <LI><a href="#[88]">MDMA_IRQHandler</a> from startup_stm32h750xx.o(.text) referenced from startup_stm32h750xx.o(RESET)
 <LI><a href="#[c]">MemManage_Handler</a> from stm32h7xx_it.o(i.MemManage_Handler) referenced from startup_stm32h750xx.o(RESET)
 <LI><a href="#[a]">NMI_Handler</a> from stm32h7xx_it.o(i.NMI_Handler) referenced from startup_stm32h750xx.o(RESET)
 <LI><a href="#[71]">OTG_FS_EP1_IN_IRQHandler</a> from startup_stm32h750xx.o(.text) referenced from startup_stm32h750xx.o(RESET)
 <LI><a href="#[70]">OTG_FS_EP1_OUT_IRQHandler</a> from startup_stm32h750xx.o(.text) referenced from startup_stm32h750xx.o(RESET)
 <LI><a href="#[73]">OTG_FS_IRQHandler</a> from startup_stm32h750xx.o(.text) referenced from startup_stm32h750xx.o(RESET)
 <LI><a href="#[72]">OTG_FS_WKUP_IRQHandler</a> from startup_stm32h750xx.o(.text) referenced from startup_stm32h750xx.o(RESET)
 <LI><a href="#[59]">OTG_HS_EP1_IN_IRQHandler</a> from startup_stm32h750xx.o(.text) referenced from startup_stm32h750xx.o(RESET)
 <LI><a href="#[58]">OTG_HS_EP1_OUT_IRQHandler</a> from startup_stm32h750xx.o(.text) referenced from startup_stm32h750xx.o(RESET)
 <LI><a href="#[5b]">OTG_HS_IRQHandler</a> from startup_stm32h750xx.o(.text) referenced from startup_stm32h750xx.o(RESET)
 <LI><a href="#[5a]">OTG_HS_WKUP_IRQHandler</a> from startup_stm32h750xx.o(.text) referenced from startup_stm32h750xx.o(RESET)
 <LI><a href="#[14]">PVD_AVD_IRQHandler</a> from startup_stm32h750xx.o(.text) referenced from startup_stm32h750xx.o(RESET)
 <LI><a href="#[11]">PendSV_Handler</a> from port.o(.emb_text) referenced from startup_stm32h750xx.o(RESET)
 <LI><a href="#[6a]">QUADSPI_IRQHandler</a> from startup_stm32h750xx.o(.text) referenced from startup_stm32h750xx.o(RESET)
 <LI><a href="#[18]">RCC_IRQHandler</a> from startup_stm32h750xx.o(.text) referenced from startup_stm32h750xx.o(RESET)
 <LI><a href="#[3c]">RTC_Alarm_IRQHandler</a> from startup_stm32h750xx.o(.text) referenced from startup_stm32h750xx.o(RESET)
 <LI><a href="#[16]">RTC_WKUP_IRQHandler</a> from startup_stm32h750xx.o(.text) referenced from startup_stm32h750xx.o(RESET)
 <LI><a href="#[9]">Reset_Handler</a> from startup_stm32h750xx.o(.text) referenced from startup_stm32h750xx.o(RESET)
 <LI><a href="#[65]">SAI1_IRQHandler</a> from startup_stm32h750xx.o(.text) referenced from startup_stm32h750xx.o(RESET)
 <LI><a href="#[69]">SAI2_IRQHandler</a> from startup_stm32h750xx.o(.text) referenced from startup_stm32h750xx.o(RESET)
 <LI><a href="#[80]">SAI3_IRQHandler</a> from startup_stm32h750xx.o(.text) referenced from startup_stm32h750xx.o(RESET)
 <LI><a href="#[9d]">SAI4_IRQHandler</a> from startup_stm32h750xx.o(.text) referenced from startup_stm32h750xx.o(RESET)
 <LI><a href="#[43]">SDMMC1_IRQHandler</a> from startup_stm32h750xx.o(.text) referenced from startup_stm32h750xx.o(RESET)
 <LI><a href="#[89]">SDMMC2_IRQHandler</a> from startup_stm32h750xx.o(.text) referenced from startup_stm32h750xx.o(RESET)
 <LI><a href="#[6f]">SPDIF_RX_IRQHandler</a> from startup_stm32h750xx.o(.text) referenced from startup_stm32h750xx.o(RESET)
 <LI><a href="#[36]">SPI1_IRQHandler</a> from startup_stm32h750xx.o(.text) referenced from startup_stm32h750xx.o(RESET)
 <LI><a href="#[37]">SPI2_IRQHandler</a> from startup_stm32h750xx.o(.text) referenced from startup_stm32h750xx.o(RESET)
 <LI><a href="#[45]">SPI3_IRQHandler</a> from startup_stm32h750xx.o(.text) referenced from startup_stm32h750xx.o(RESET)
 <LI><a href="#[62]">SPI4_IRQHandler</a> from startup_stm32h750xx.o(.text) referenced from startup_stm32h750xx.o(RESET)
 <LI><a href="#[63]">SPI5_IRQHandler</a> from startup_stm32h750xx.o(.text) referenced from startup_stm32h750xx.o(RESET)
 <LI><a href="#[64]">SPI6_IRQHandler</a> from startup_stm32h750xx.o(.text) referenced from startup_stm32h750xx.o(RESET)
 <LI><a href="#[f]">SVC_Handler</a> from port.o(.emb_text) referenced from startup_stm32h750xx.o(RESET)
 <LI><a href="#[81]">SWPMI1_IRQHandler</a> from startup_stm32h750xx.o(.text) referenced from startup_stm32h750xx.o(RESET)
 <LI><a href="#[144]">StartDefaultTask</a> from main.o(i.StartDefaultTask) referenced from main.o(.constdata)
 <LI><a href="#[12]">SysTick_Handler</a> from port.o(i.SysTick_Handler) referenced from startup_stm32h750xx.o(RESET)
 <LI><a href="#[135]">SystemInit</a> from system_stm32h7xx.o(i.SystemInit) referenced from startup_stm32h750xx.o(.text)
 <LI><a href="#[15]">TAMP_STAMP_IRQHandler</a> from startup_stm32h750xx.o(.text) referenced from startup_stm32h750xx.o(RESET)
 <LI><a href="#[82]">TIM15_IRQHandler</a> from startup_stm32h750xx.o(.text) referenced from startup_stm32h750xx.o(RESET)
 <LI><a href="#[83]">TIM16_IRQHandler</a> from startup_stm32h750xx.o(.text) referenced from startup_stm32h750xx.o(RESET)
 <LI><a href="#[84]">TIM17_IRQHandler</a> from startup_stm32h750xx.o(.text) referenced from startup_stm32h750xx.o(RESET)
 <LI><a href="#[2b]">TIM1_BRK_IRQHandler</a> from startup_stm32h750xx.o(.text) referenced from startup_stm32h750xx.o(RESET)
 <LI><a href="#[2e]">TIM1_CC_IRQHandler</a> from startup_stm32h750xx.o(.text) referenced from startup_stm32h750xx.o(RESET)
 <LI><a href="#[2d]">TIM1_TRG_COM_IRQHandler</a> from startup_stm32h750xx.o(.text) referenced from startup_stm32h750xx.o(RESET)
 <LI><a href="#[2c]">TIM1_UP_IRQHandler</a> from startup_stm32h750xx.o(.text) referenced from startup_stm32h750xx.o(RESET)
 <LI><a href="#[2f]">TIM2_IRQHandler</a> from startup_stm32h750xx.o(.text) referenced from startup_stm32h750xx.o(RESET)
 <LI><a href="#[30]">TIM3_IRQHandler</a> from startup_stm32h750xx.o(.text) referenced from startup_stm32h750xx.o(RESET)
 <LI><a href="#[31]">TIM4_IRQHandler</a> from startup_stm32h750xx.o(.text) referenced from startup_stm32h750xx.o(RESET)
 <LI><a href="#[44]">TIM5_IRQHandler</a> from startup_stm32h750xx.o(.text) referenced from startup_stm32h750xx.o(RESET)
 <LI><a href="#[48]">TIM6_DAC_IRQHandler</a> from startup_stm32h750xx.o(.text) referenced from startup_stm32h750xx.o(RESET)
 <LI><a href="#[49]">TIM7_IRQHandler</a> from stm32h7xx_it.o(i.TIM7_IRQHandler) referenced from startup_stm32h750xx.o(RESET)
 <LI><a href="#[3d]">TIM8_BRK_TIM12_IRQHandler</a> from startup_stm32h750xx.o(.text) referenced from startup_stm32h750xx.o(RESET)
 <LI><a href="#[40]">TIM8_CC_IRQHandler</a> from startup_stm32h750xx.o(.text) referenced from startup_stm32h750xx.o(RESET)
 <LI><a href="#[3f]">TIM8_TRG_COM_TIM14_IRQHandler</a> from startup_stm32h750xx.o(.text) referenced from startup_stm32h750xx.o(RESET)
 <LI><a href="#[3e]">TIM8_UP_TIM13_IRQHandler</a> from startup_stm32h750xx.o(.text) referenced from startup_stm32h750xx.o(RESET)
 <LI><a href="#[46]">UART4_IRQHandler</a> from startup_stm32h750xx.o(.text) referenced from startup_stm32h750xx.o(RESET)
 <LI><a href="#[47]">UART5_IRQHandler</a> from startup_stm32h750xx.o(.text) referenced from startup_stm32h750xx.o(RESET)
 <LI><a href="#[60]">UART7_IRQHandler</a> from startup_stm32h750xx.o(.text) referenced from startup_stm32h750xx.o(RESET)
 <LI><a href="#[61]">UART8_IRQHandler</a> from startup_stm32h750xx.o(.text) referenced from startup_stm32h750xx.o(RESET)
 <LI><a href="#[38]">USART1_IRQHandler</a> from startup_stm32h750xx.o(.text) referenced from startup_stm32h750xx.o(RESET)
 <LI><a href="#[39]">USART2_IRQHandler</a> from startup_stm32h750xx.o(.text) referenced from startup_stm32h750xx.o(RESET)
 <LI><a href="#[3a]">USART3_IRQHandler</a> from startup_stm32h750xx.o(.text) referenced from startup_stm32h750xx.o(RESET)
 <LI><a href="#[55]">USART6_IRQHandler</a> from startup_stm32h750xx.o(.text) referenced from startup_stm32h750xx.o(RESET)
 <LI><a href="#[e]">UsageFault_Handler</a> from stm32h7xx_it.o(i.UsageFault_Handler) referenced from startup_stm32h750xx.o(RESET)
 <LI><a href="#[9e]">WAKEUP_PIN_IRQHandler</a> from startup_stm32h750xx.o(.text) referenced from startup_stm32h750xx.o(RESET)
 <LI><a href="#[13]">WWDG_IRQHandler</a> from startup_stm32h750xx.o(.text) referenced from startup_stm32h750xx.o(RESET)
 <LI><a href="#[137]">DMA2D_XferCpltCallback(__DMA2D_HandleTypeDef*)</a> from stm32dma.o(i._Z22DMA2D_XferCpltCallbackP21__DMA2D_HandleTypeDef) referenced from stm32dma.o(i._ZN10STM32H7DMA10initializeEv)
 <LI><a href="#[138]">DMA2D_XferErrorCallback(__DMA2D_HandleTypeDef*)</a> from stm32dma.o(i._Z23DMA2D_XferErrorCallbackP21__DMA2D_HandleTypeDef) referenced from stm32dma.o(i._ZN10STM32H7DMA10initializeEv)
 <LI><a href="#[149]">STM32H7DMA::initialize()</a> from stm32dma.o(i._ZN10STM32H7DMA10initializeEv) referenced from stm32dma.o(.constdata__ZTV10STM32H7DMA)
 <LI><a href="#[146]">STM32H7DMA::getBlitCaps()</a> from stm32dma.o(i._ZN10STM32H7DMA11getBlitCapsEv) referenced from stm32dma.o(.constdata__ZTV10STM32H7DMA)
 <LI><a href="#[150]">STM32H7DMA::setupDataCopy(const touchgfx::BlitOp&)</a> from stm32dma.o(i._ZN10STM32H7DMA13setupDataCopyERKN8touchgfx6BlitOpE) referenced from stm32dma.o(.constdata__ZTV10STM32H7DMA)
 <LI><a href="#[151]">STM32H7DMA::setupDataFill(const touchgfx::BlitOp&)</a> from stm32dma.o(i._ZN10STM32H7DMA13setupDataFillERKN8touchgfx6BlitOpE) referenced from stm32dma.o(.constdata__ZTV10STM32H7DMA)
 <LI><a href="#[14b]">STM32H7DMA::signalDMAInterrupt()</a> from stm32dma.o(i._ZN10STM32H7DMA18signalDMAInterruptEv) referenced from stm32dma.o(.constdata__ZTV10STM32H7DMA)
 <LI><a href="#[140]">STM32H7DMA::~STM32H7DMA()</a> from stm32dma.o(i._ZN10STM32H7DMAD1Ev) referenced from stm32dma.o(.constdata__ZTV10STM32H7DMA)
 <LI><a href="#[140]">STM32H7DMA::~STM32H7DMA()</a> from stm32dma.o(i._ZN10STM32H7DMAD1Ev) referenced from touchgfxconfiguration.o(i.__sti___25_TouchGFXConfiguration_cpp_f5abfd34)
 <LI><a href="#[167]">TouchGFXHAL::enableInterrupts()</a> from touchgfxhal.o(i._ZN11TouchGFXHAL16enableInterruptsEv) referenced from touchgfxhal.o(.constdata__ZTV11TouchGFXHAL)
 <LI><a href="#[157]">TouchGFXHAL::flushFrameBuffer(const touchgfx::Rect&)</a> from touchgfxhal.o(i._ZN11TouchGFXHAL16flushFrameBufferERKN8touchgfx4RectE) referenced from touchgfxhal.o(.constdata__ZTV11TouchGFXHAL)
 <LI><a href="#[168]">TouchGFXHAL::disableInterrupts()</a> from touchgfxhal.o(i._ZN11TouchGFXHAL17disableInterruptsEv) referenced from touchgfxhal.o(.constdata__ZTV11TouchGFXHAL)
 <LI><a href="#[172]">TouchGFXHAL::setTFTFrameBuffer(unsigned short*)</a> from touchgfxhal.o(i._ZN11TouchGFXHAL17setTFTFrameBufferEPt) referenced from touchgfxhal.o(.constdata__ZTV11TouchGFXHAL)
 <LI><a href="#[166]">TouchGFXHAL::configureInterrupts()</a> from touchgfxhal.o(i._ZN11TouchGFXHAL19configureInterruptsEv) referenced from touchgfxhal.o(.constdata__ZTV11TouchGFXHAL)
 <LI><a href="#[169]">TouchGFXHAL::enableLCDControllerInterrupt()</a> from touchgfxhal.o(i._ZN11TouchGFXHAL28enableLCDControllerInterruptEv) referenced from touchgfxhal.o(.constdata__ZTV11TouchGFXHAL)
 <LI><a href="#[143]">TouchGFXHAL::~TouchGFXHAL()</a> from touchgfxhal.o(i._ZN11TouchGFXHALD1Ev) referenced from touchgfxhal.o(.constdata__ZTV11TouchGFXHAL)
 <LI><a href="#[143]">TouchGFXHAL::~TouchGFXHAL()</a> from touchgfxhal.o(i._ZN11TouchGFXHALD1Ev) referenced from touchgfxconfiguration.o(i.__sti___25_TouchGFXConfiguration_cpp_f5abfd34)
 <LI><a href="#[ad]">FrontendHeap::~FrontendHeap()</a> from touchgfxconfiguration.o(i._ZN12FrontendHeapD1Ev) referenced from touchgfxconfiguration.o(.constdata__ZTV12FrontendHeap)
 <LI><a href="#[ad]">FrontendHeap::~FrontendHeap()</a> from touchgfxconfiguration.o(i._ZN12FrontendHeapD1Ev) referenced from touchgfxconfiguration.o(i.touchgfx_init)
 <LI><a href="#[b3]">MainViewBase::setupScreen()</a> from mainviewbase.o(i._ZN12MainViewBase11setupScreenEv) referenced from mainviewbase.o(.constdata__ZTV12MainViewBase)
 <LI><a href="#[bb]">MainViewBase::sliderValueChanged(int)</a> from mainviewbase.o(i._ZN12MainViewBase18sliderValueChangedEi) referenced from mainviewbase.o(.constdata__ZTV12MainViewBase)
 <LI><a href="#[145]">MainViewBase::sliderValueChangedCallbackHandler(const touchgfx::Slider&, int)</a> from mainviewbase.o(i._ZN12MainViewBase33sliderValueChangedCallbackHandlerERKN8touchgfx6SliderEi) referenced from mainviewbase.o(.constdata)
 <LI><a href="#[b1]">MainViewBase::~MainViewBase()</a> from mainviewbase.o(i._ZN12MainViewBaseD1Ev) referenced from mainviewbase.o(.constdata__ZTV12MainViewBase)
 <LI><a href="#[177]">MainPresenter::deactivate()</a> from mainpresenter.o(i._ZN13MainPresenter10deactivateEv) referenced from mainpresenter.o(.constdata__ZTV13MainPresenter)
 <LI><a href="#[176]">MainPresenter::activate()</a> from mainpresenter.o(i._ZN13MainPresenter8activateEv) referenced from mainpresenter.o(.constdata__ZTV13MainPresenter)
 <LI><a href="#[178]">MainPresenter::~MainPresenter()</a> from mainpresenter.o(i._ZN13MainPresenterD1Ev) referenced from mainpresenter.o(.constdata__ZTV13MainPresenter)
 <LI><a href="#[c0]">FrontendApplication::handleTickEvent()</a> from frontendapplication.o(i._ZN19FrontendApplication15handleTickEventEv) referenced from frontendapplication.o(.constdata__ZTV19FrontendApplication)
 <LI><a href="#[17a]">STM32TouchController::sampleTouch(int&, int&)</a> from stm32touchcontroller.o(i._ZN20STM32TouchController11sampleTouchERiS0_) referenced from stm32touchcontroller.o(.constdata__ZTV20STM32TouchController)
 <LI><a href="#[179]">STM32TouchController::init()</a> from stm32touchcontroller.o(i._ZN20STM32TouchController4initEv) referenced from stm32touchcontroller.o(.constdata__ZTV20STM32TouchController)
 <LI><a href="#[13f]">STM32TouchController::~STM32TouchController()</a> from stm32touchcontroller.o(i._ZN20STM32TouchControllerD1Ev) referenced from stm32touchcontroller.o(.constdata__ZTV20STM32TouchController)
 <LI><a href="#[13f]">STM32TouchController::~STM32TouchController()</a> from stm32touchcontroller.o(i._ZN20STM32TouchControllerD1Ev) referenced from touchgfxconfiguration.o(i.__sti___25_TouchGFXConfiguration_cpp_f5abfd34)
 <LI><a href="#[142]">ApplicationFontProvider::~ApplicationFontProvider()</a> from touchgfxconfiguration.o(i._ZN23ApplicationFontProviderD1Ev) referenced from applicationfontprovider.o(.constdata__ZTV23ApplicationFontProvider)
 <LI><a href="#[142]">ApplicationFontProvider::~ApplicationFontProvider()</a> from touchgfxconfiguration.o(i._ZN23ApplicationFontProviderD1Ev) referenced from touchgfxconfiguration.o(i.__sti___25_TouchGFXConfiguration_cpp_f5abfd34)
 <LI><a href="#[b0]">FrontendApplicationBase::gotoMainScreenNoTransitionImpl()</a> from frontendapplicationbase.o(i._ZN23FrontendApplicationBase30gotoMainScreenNoTransitionImplEv) referenced from frontendapplicationbase.o(.constdata)
 <LI><a href="#[17b]">FrontendApplicationBase::~FrontendApplicationBase()</a> from touchgfxconfiguration.o(i._ZN23FrontendApplicationBaseD1Ev) referenced from touchgfxconfiguration.o(.constdata__ZTV23FrontendApplicationBase)
 <LI><a href="#[17d]">MainView::setupScreen()</a> from mainview.o(i._ZN8MainView11setupScreenEv) referenced from mainview.o(.constdata__ZTV8MainView)
 <LI><a href="#[17e]">MainView::tearDownScreen()</a> from mainview.o(i._ZN8MainView14tearDownScreenEv) referenced from mainview.o(.constdata__ZTV8MainView)
 <LI><a href="#[17f]">MainView::handleTickEvent()</a> from mainview.o(i._ZN8MainView15handleTickEventEv) referenced from mainview.o(.constdata__ZTV8MainView)
 <LI><a href="#[180]">MainView::sliderValueChanged(int)</a> from mainview.o(i._ZN8MainView18sliderValueChangedEi) referenced from mainview.o(.constdata__ZTV8MainView)
 <LI><a href="#[17c]">MainView::~MainView()</a> from mainview.o(i._ZN8MainViewD1Ev) referenced from mainview.o(.constdata__ZTV8MainView)
 <LI><a href="#[187]">touchgfx::Transition::invalidate()</a> from frontendapplicationbase.o(i._ZN8touchgfx10Transition10invalidateEv) referenced from frontendapplicationbase.o(.constdata__ZTVN8touchgfx12NoTransitionE)
 <LI><a href="#[188]">touchgfx::Transition::setScreenContainer(touchgfx::Container&)</a> from frontendapplicationbase.o(i._ZN8touchgfx10Transition18setScreenContainerERNS_9ContainerE) referenced from frontendapplicationbase.o(.constdata__ZTVN8touchgfx12NoTransitionE)
 <LI><a href="#[186]">touchgfx::Transition::init()</a> from frontendapplicationbase.o(i._ZN8touchgfx10Transition4initEv) referenced from frontendapplicationbase.o(.constdata__ZTVN8touchgfx12NoTransitionE)
 <LI><a href="#[185]">touchgfx::Transition::tearDown()</a> from frontendapplicationbase.o(i._ZN8touchgfx10Transition8tearDownEv) referenced from frontendapplicationbase.o(.constdata__ZTVN8touchgfx12NoTransitionE)
 <LI><a href="#[bf]">touchgfx::Application::handleKeyEvent(unsigned char)</a> from application.o(i._ZN8touchgfx11Application14handleKeyEventEh) referenced from frontendapplication.o(.constdata__ZTV19FrontendApplication)
 <LI><a href="#[bf]">touchgfx::Application::handleKeyEvent(unsigned char)</a> from application.o(i._ZN8touchgfx11Application14handleKeyEventEh) referenced from touchgfxconfiguration.o(.constdata__ZTV23FrontendApplicationBase)
 <LI><a href="#[bf]">touchgfx::Application::handleKeyEvent(unsigned char)</a> from application.o(i._ZN8touchgfx11Application14handleKeyEventEh) referenced from application.o(.constdata__ZTVN8touchgfx11ApplicationE)
 <LI><a href="#[bf]">touchgfx::Application::handleKeyEvent(unsigned char)</a> from application.o(i._ZN8touchgfx11Application14handleKeyEventEh) referenced from frontendapplicationbase.o(.constdata__ZTVN8touchgfx14MVPApplicationE)
 <LI><a href="#[bd]">touchgfx::Application::handleDragEvent(const touchgfx::DragEvent&)</a> from application.o(i._ZN8touchgfx11Application15handleDragEventERKNS_9DragEventE) referenced from frontendapplication.o(.constdata__ZTV19FrontendApplication)
 <LI><a href="#[bd]">touchgfx::Application::handleDragEvent(const touchgfx::DragEvent&)</a> from application.o(i._ZN8touchgfx11Application15handleDragEventERKNS_9DragEventE) referenced from touchgfxconfiguration.o(.constdata__ZTV23FrontendApplicationBase)
 <LI><a href="#[bd]">touchgfx::Application::handleDragEvent(const touchgfx::DragEvent&)</a> from application.o(i._ZN8touchgfx11Application15handleDragEventERKNS_9DragEventE) referenced from application.o(.constdata__ZTVN8touchgfx11ApplicationE)
 <LI><a href="#[bd]">touchgfx::Application::handleDragEvent(const touchgfx::DragEvent&)</a> from application.o(i._ZN8touchgfx11Application15handleDragEventERKNS_9DragEventE) referenced from frontendapplicationbase.o(.constdata__ZTVN8touchgfx14MVPApplicationE)
 <LI><a href="#[c5]">touchgfx::Application::handleTickEvent()</a> from application.o(i._ZN8touchgfx11Application15handleTickEventEv) referenced from touchgfxconfiguration.o(.constdata__ZTV23FrontendApplicationBase)
 <LI><a href="#[c5]">touchgfx::Application::handleTickEvent()</a> from application.o(i._ZN8touchgfx11Application15handleTickEventEv) referenced from application.o(.constdata__ZTVN8touchgfx11ApplicationE)
 <LI><a href="#[c5]">touchgfx::Application::handleTickEvent()</a> from application.o(i._ZN8touchgfx11Application15handleTickEventEv) referenced from frontendapplicationbase.o(.constdata__ZTVN8touchgfx14MVPApplicationE)
 <LI><a href="#[bc]">touchgfx::Application::handleClickEvent(const touchgfx::ClickEvent&)</a> from application.o(i._ZN8touchgfx11Application16handleClickEventERKNS_10ClickEventE) referenced from frontendapplication.o(.constdata__ZTV19FrontendApplication)
 <LI><a href="#[bc]">touchgfx::Application::handleClickEvent(const touchgfx::ClickEvent&)</a> from application.o(i._ZN8touchgfx11Application16handleClickEventERKNS_10ClickEventE) referenced from touchgfxconfiguration.o(.constdata__ZTV23FrontendApplicationBase)
 <LI><a href="#[bc]">touchgfx::Application::handleClickEvent(const touchgfx::ClickEvent&)</a> from application.o(i._ZN8touchgfx11Application16handleClickEventERKNS_10ClickEventE) referenced from application.o(.constdata__ZTVN8touchgfx11ApplicationE)
 <LI><a href="#[bc]">touchgfx::Application::handleClickEvent(const touchgfx::ClickEvent&)</a> from application.o(i._ZN8touchgfx11Application16handleClickEventERKNS_10ClickEventE) referenced from frontendapplicationbase.o(.constdata__ZTVN8touchgfx14MVPApplicationE)
 <LI><a href="#[be]">touchgfx::Application::handleGestureEvent(const touchgfx::GestureEvent&)</a> from application.o(i._ZN8touchgfx11Application18handleGestureEventERKNS_12GestureEventE) referenced from frontendapplication.o(.constdata__ZTV19FrontendApplication)
 <LI><a href="#[be]">touchgfx::Application::handleGestureEvent(const touchgfx::GestureEvent&)</a> from application.o(i._ZN8touchgfx11Application18handleGestureEventERKNS_12GestureEventE) referenced from touchgfxconfiguration.o(.constdata__ZTV23FrontendApplicationBase)
 <LI><a href="#[be]">touchgfx::Application::handleGestureEvent(const touchgfx::GestureEvent&)</a> from application.o(i._ZN8touchgfx11Application18handleGestureEventERKNS_12GestureEventE) referenced from application.o(.constdata__ZTVN8touchgfx11ApplicationE)
 <LI><a href="#[be]">touchgfx::Application::handleGestureEvent(const touchgfx::GestureEvent&)</a> from application.o(i._ZN8touchgfx11Application18handleGestureEventERKNS_12GestureEventE) referenced from frontendapplicationbase.o(.constdata__ZTVN8touchgfx14MVPApplicationE)
 <LI><a href="#[c4]">touchgfx::Application::cacheDrawOperations(bool)</a> from application.o(i._ZN8touchgfx11Application19cacheDrawOperationsEb) referenced from frontendapplication.o(.constdata__ZTV19FrontendApplication)
 <LI><a href="#[c4]">touchgfx::Application::cacheDrawOperations(bool)</a> from application.o(i._ZN8touchgfx11Application19cacheDrawOperationsEb) referenced from touchgfxconfiguration.o(.constdata__ZTV23FrontendApplicationBase)
 <LI><a href="#[c4]">touchgfx::Application::cacheDrawOperations(bool)</a> from application.o(i._ZN8touchgfx11Application19cacheDrawOperationsEb) referenced from application.o(.constdata__ZTVN8touchgfx11ApplicationE)
 <LI><a href="#[c4]">touchgfx::Application::cacheDrawOperations(bool)</a> from application.o(i._ZN8touchgfx11Application19cacheDrawOperationsEb) referenced from frontendapplicationbase.o(.constdata__ZTVN8touchgfx14MVPApplicationE)
 <LI><a href="#[c6]">touchgfx::Application::handlePendingScreenTransition()</a> from application.o(i._ZN8touchgfx11Application29handlePendingScreenTransitionEv) referenced from application.o(.constdata__ZTVN8touchgfx11ApplicationE)
 <LI><a href="#[c3]">touchgfx::Application::draw(touchgfx::Rect&)</a> from application.o(i._ZN8touchgfx11Application4drawERNS_4RectE) referenced from frontendapplication.o(.constdata__ZTV19FrontendApplication)
 <LI><a href="#[c3]">touchgfx::Application::draw(touchgfx::Rect&)</a> from application.o(i._ZN8touchgfx11Application4drawERNS_4RectE) referenced from touchgfxconfiguration.o(.constdata__ZTV23FrontendApplicationBase)
 <LI><a href="#[c3]">touchgfx::Application::draw(touchgfx::Rect&)</a> from application.o(i._ZN8touchgfx11Application4drawERNS_4RectE) referenced from application.o(.constdata__ZTVN8touchgfx11ApplicationE)
 <LI><a href="#[c3]">touchgfx::Application::draw(touchgfx::Rect&)</a> from application.o(i._ZN8touchgfx11Application4drawERNS_4RectE) referenced from frontendapplicationbase.o(.constdata__ZTVN8touchgfx14MVPApplicationE)
 <LI><a href="#[c2]">touchgfx::Application::draw()</a> from application.o(i._ZN8touchgfx11Application4drawEv) referenced from frontendapplication.o(.constdata__ZTV19FrontendApplication)
 <LI><a href="#[c2]">touchgfx::Application::draw()</a> from application.o(i._ZN8touchgfx11Application4drawEv) referenced from touchgfxconfiguration.o(.constdata__ZTV23FrontendApplicationBase)
 <LI><a href="#[c2]">touchgfx::Application::draw()</a> from application.o(i._ZN8touchgfx11Application4drawEv) referenced from application.o(.constdata__ZTVN8touchgfx11ApplicationE)
 <LI><a href="#[c2]">touchgfx::Application::draw()</a> from application.o(i._ZN8touchgfx11Application4drawEv) referenced from frontendapplicationbase.o(.constdata__ZTVN8touchgfx14MVPApplicationE)
 <LI><a href="#[e3]">touchgfx::CanvasWidget::setPainter(touchgfx::AbstractPainter&)</a> from canvaswidget.o(i._ZN8touchgfx12CanvasWidget10setPainterERNS_15AbstractPainterE) referenced from canvaswidget.o(.constdata__ZTVN8touchgfx12CanvasWidgetE)
 <LI><a href="#[e3]">touchgfx::CanvasWidget::setPainter(touchgfx::AbstractPainter&)</a> from canvaswidget.o(i._ZN8touchgfx12CanvasWidget10setPainterERNS_15AbstractPainterE) referenced from graphelements.o(.constdata__ZTVN8touchgfx16GraphElementLineE)
 <LI><a href="#[e3]">touchgfx::CanvasWidget::setPainter(touchgfx::AbstractPainter&)</a> from canvaswidget.o(i._ZN8touchgfx12CanvasWidget10setPainterERNS_15AbstractPainterE) referenced from graphelements.o(.constdata__ZTVN8touchgfx20AbstractGraphElementE)
 <LI><a href="#[df]">touchgfx::GraphLabelsX::invalidateGraphPointAt(short)</a> from graphlabels.o(i._ZN8touchgfx12GraphLabelsX22invalidateGraphPointAtEs) referenced from graphlabels.o(.constdata__ZTVN8touchgfx12GraphLabelsXE)
 <LI><a href="#[184]">touchgfx::NoTransition::handleTickEvent()</a> from frontendapplicationbase.o(i._ZN8touchgfx12NoTransition15handleTickEventEv) referenced from frontendapplicationbase.o(.constdata__ZTVN8touchgfx12NoTransitionE)
 <LI><a href="#[183]">touchgfx::NoTransition::~NoTransition()</a> from frontendapplicationbase.o(i._ZN8touchgfx12NoTransitionD1Ev) referenced from frontendapplicationbase.o(.constdata__ZTVN8touchgfx12NoTransitionE)
 <LI><a href="#[147]">touchgfx::DMA_Interface::addToQueue(const touchgfx::BlitOp&)</a> from dma.o(i._ZN8touchgfx13DMA_Interface10addToQueueERKNS_6BlitOpE) referenced from stm32dma.o(.constdata__ZTV10STM32H7DMA)
 <LI><a href="#[14c]">touchgfx::DMA_Interface::getDMAType()</a> from stm32dma.o(i._ZN8touchgfx13DMA_Interface10getDMATypeEv) referenced from stm32dma.o(.constdata__ZTV10STM32H7DMA)
 <LI><a href="#[152]">touchgfx::DMA_Interface::enableAlpha(unsigned char)</a> from dma.o(i._ZN8touchgfx13DMA_Interface11enableAlphaEh) referenced from stm32dma.o(.constdata__ZTV10STM32H7DMA)
 <LI><a href="#[153]">touchgfx::DMA_Interface::disableAlpha()</a> from dma.o(i._ZN8touchgfx13DMA_Interface12disableAlphaEv) referenced from stm32dma.o(.constdata__ZTV10STM32H7DMA)
 <LI><a href="#[14f]">touchgfx::DMA_Interface::seedExecution()</a> from dma.o(i._ZN8touchgfx13DMA_Interface13seedExecutionEv) referenced from stm32dma.o(.constdata__ZTV10STM32H7DMA)
 <LI><a href="#[14e]">touchgfx::DMA_Interface::executeCompleted()</a> from dma.o(i._ZN8touchgfx13DMA_Interface16executeCompletedEv) referenced from stm32dma.o(.constdata__ZTV10STM32H7DMA)
 <LI><a href="#[154]">touchgfx::DMA_Interface::waitForFrameBufferSemaphore()</a> from dma.o(i._ZN8touchgfx13DMA_Interface27waitForFrameBufferSemaphoreEv) referenced from stm32dma.o(.constdata__ZTV10STM32H7DMA)
 <LI><a href="#[148]">touchgfx::DMA_Interface::flush()</a> from stm32dma.o(i._ZN8touchgfx13DMA_Interface5flushEv) referenced from stm32dma.o(.constdata__ZTV10STM32H7DMA)
 <LI><a href="#[14a]">touchgfx::DMA_Interface::start()</a> from dma.o(i._ZN8touchgfx13DMA_Interface5startEv) referenced from stm32dma.o(.constdata__ZTV10STM32H7DMA)
 <LI><a href="#[14d]">touchgfx::DMA_Interface::execute()</a> from dma.o(i._ZN8touchgfx13DMA_Interface7executeEv) referenced from stm32dma.o(.constdata__ZTV10STM32H7DMA)
 <LI><a href="#[a0]">touchgfx::GeneratedFont::~GeneratedFont()</a> from generatedfont.o(i._ZN8touchgfx13GeneratedFontD1Ev) referenced from generatedfont.o(.constdata__ZTVN8touchgfx13GeneratedFontE)
 <LI><a href="#[a0]">touchgfx::GeneratedFont::~GeneratedFont()</a> from generatedfont.o(i._ZN8touchgfx13GeneratedFontD1Ev) referenced from table_notosans_regular_12_4bpp.o(i._Z32getFont_NotoSans_Regular_12_4bppv)
 <LI><a href="#[190]">touchgfx::PainterRGB888::renderNext(unsigned char&, unsigned char&, unsigned char&, unsigned char&)</a> from painterrgb888.o(i._ZN8touchgfx13PainterRGB88810renderNextERhS1_S1_S1_) referenced from painterrgb888.o(.constdata__ZTVN8touchgfx13PainterRGB888E)
 <LI><a href="#[18e]">touchgfx::PainterRGB888::render(unsigned char*, int, int, int, unsigned, const unsigned char*)</a> from painterrgb888.o(i._ZN8touchgfx13PainterRGB8886renderEPhiiijPKh) referenced from painterrgb888.o(.constdata__ZTVN8touchgfx13PainterRGB888E)
 <LI><a href="#[c1]">touchgfx::MVPApplication::handlePendingScreenTransition()</a> from touchgfxconfiguration.o(i._ZN8touchgfx14MVPApplication29handlePendingScreenTransitionEv) referenced from frontendapplication.o(.constdata__ZTV19FrontendApplication)
 <LI><a href="#[c1]">touchgfx::MVPApplication::handlePendingScreenTransition()</a> from touchgfxconfiguration.o(i._ZN8touchgfx14MVPApplication29handlePendingScreenTransitionEv) referenced from touchgfxconfiguration.o(.constdata__ZTV23FrontendApplicationBase)
 <LI><a href="#[c1]">touchgfx::MVPApplication::handlePendingScreenTransition()</a> from touchgfxconfiguration.o(i._ZN8touchgfx14MVPApplication29handlePendingScreenTransitionEv) referenced from frontendapplicationbase.o(.constdata__ZTVN8touchgfx14MVPApplicationE)
 <LI><a href="#[182]">touchgfx::GraphLabelsBase::invalidateGraphPointAt(short)</a> from graphlabels.o(i._ZN8touchgfx15GraphLabelsBase22invalidateGraphPointAtEs) referenced from graphlabels.o(.constdata__ZTVN8touchgfx12GraphLabelsYE)
 <LI><a href="#[182]">touchgfx::GraphLabelsBase::invalidateGraphPointAt(short)</a> from graphlabels.o(i._ZN8touchgfx15GraphLabelsBase22invalidateGraphPointAtEs) referenced from graphlabels.o(.constdata__ZTVN8touchgfx15GraphLabelsBaseE)
 <LI><a href="#[192]">touchgfx::GraphLabelsBase::~GraphLabelsBase()</a> from mainview.o(i._ZN8touchgfx15GraphLabelsBaseD1Ev) referenced from graphlabels.o(.constdata__ZTVN8touchgfx15GraphLabelsBaseE)
 <LI><a href="#[e1]">touchgfx::RenderingBuffer::~RenderingBuffer()</a> from renderingbuffer.o(i._ZN8touchgfx15RenderingBufferD1Ev) referenced from renderingbuffer.o(.constdata__ZTVN8touchgfx15RenderingBufferE)
 <LI><a href="#[e5]">touchgfx::GraphElementLine::invalidateGraphPointAt(short)</a> from graphelements.o(i._ZN8touchgfx16GraphElementLine22invalidateGraphPointAtEs) referenced from graphelements.o(.constdata__ZTVN8touchgfx16GraphElementLineE)
 <LI><a href="#[f1]">touchgfx::AbstractDataGraph::handleDragEvent(const touchgfx::DragEvent&)</a> from abstractdatagraph.o(i._ZN8touchgfx17AbstractDataGraph15handleDragEventERKNS_9DragEventE) referenced from abstractdatagraph.o(.constdata__ZTVN8touchgfx17AbstractDataGraphE)
 <LI><a href="#[f1]">touchgfx::AbstractDataGraph::handleDragEvent(const touchgfx::DragEvent&)</a> from abstractdatagraph.o(i._ZN8touchgfx17AbstractDataGraph15handleDragEventERKNS_9DragEventE) referenced from mainviewbase.o(.constdata__ZTVN8touchgfx17GraphWrapAndClearILs100EEE)
 <LI><a href="#[f1]">touchgfx::AbstractDataGraph::handleDragEvent(const touchgfx::DragEvent&)</a> from abstractdatagraph.o(i._ZN8touchgfx17AbstractDataGraph15handleDragEventERKNS_9DragEventE) referenced from graphwrapandclear.o(.constdata__ZTVN8touchgfx21DataGraphWrapAndClearE)
 <LI><a href="#[f1]">touchgfx::AbstractDataGraph::handleDragEvent(const touchgfx::DragEvent&)</a> from abstractdatagraph.o(i._ZN8touchgfx17AbstractDataGraph15handleDragEventERKNS_9DragEventE) referenced from abstractdatagraph.o(.constdata__ZTVN8touchgfx22AbstractDataGraphWithYE)
 <LI><a href="#[f0]">touchgfx::AbstractDataGraph::handleClickEvent(const touchgfx::ClickEvent&)</a> from abstractdatagraph.o(i._ZN8touchgfx17AbstractDataGraph16handleClickEventERKNS_10ClickEventE) referenced from abstractdatagraph.o(.constdata__ZTVN8touchgfx17AbstractDataGraphE)
 <LI><a href="#[f0]">touchgfx::AbstractDataGraph::handleClickEvent(const touchgfx::ClickEvent&)</a> from abstractdatagraph.o(i._ZN8touchgfx17AbstractDataGraph16handleClickEventERKNS_10ClickEventE) referenced from mainviewbase.o(.constdata__ZTVN8touchgfx17GraphWrapAndClearILs100EEE)
 <LI><a href="#[f0]">touchgfx::AbstractDataGraph::handleClickEvent(const touchgfx::ClickEvent&)</a> from abstractdatagraph.o(i._ZN8touchgfx17AbstractDataGraph16handleClickEventERKNS_10ClickEventE) referenced from graphwrapandclear.o(.constdata__ZTVN8touchgfx21DataGraphWrapAndClearE)
 <LI><a href="#[f0]">touchgfx::AbstractDataGraph::handleClickEvent(const touchgfx::ClickEvent&)</a> from abstractdatagraph.o(i._ZN8touchgfx17AbstractDataGraph16handleClickEventERKNS_10ClickEventE) referenced from abstractdatagraph.o(.constdata__ZTVN8touchgfx22AbstractDataGraphWithYE)
 <LI><a href="#[fa]">touchgfx::AbstractDataGraph::clear()</a> from abstractdatagraph.o(i._ZN8touchgfx17AbstractDataGraph5clearEv) referenced from abstractdatagraph.o(.constdata__ZTVN8touchgfx17AbstractDataGraphE)
 <LI><a href="#[fa]">touchgfx::AbstractDataGraph::clear()</a> from abstractdatagraph.o(i._ZN8touchgfx17AbstractDataGraph5clearEv) referenced from mainviewbase.o(.constdata__ZTVN8touchgfx17GraphWrapAndClearILs100EEE)
 <LI><a href="#[fa]">touchgfx::AbstractDataGraph::clear()</a> from abstractdatagraph.o(i._ZN8touchgfx17AbstractDataGraph5clearEv) referenced from graphwrapandclear.o(.constdata__ZTVN8touchgfx21DataGraphWrapAndClearE)
 <LI><a href="#[fa]">touchgfx::AbstractDataGraph::clear()</a> from abstractdatagraph.o(i._ZN8touchgfx17AbstractDataGraph5clearEv) referenced from abstractdatagraph.o(.constdata__ZTVN8touchgfx22AbstractDataGraphWithYE)
 <LI><a href="#[ee]">touchgfx::AbstractDataGraph::setWidth(short)</a> from abstractdatagraph.o(i._ZN8touchgfx17AbstractDataGraph8setWidthEs) referenced from abstractdatagraph.o(.constdata__ZTVN8touchgfx17AbstractDataGraphE)
 <LI><a href="#[ee]">touchgfx::AbstractDataGraph::setWidth(short)</a> from abstractdatagraph.o(i._ZN8touchgfx17AbstractDataGraph8setWidthEs) referenced from mainviewbase.o(.constdata__ZTVN8touchgfx17GraphWrapAndClearILs100EEE)
 <LI><a href="#[ee]">touchgfx::AbstractDataGraph::setWidth(short)</a> from abstractdatagraph.o(i._ZN8touchgfx17AbstractDataGraph8setWidthEs) referenced from graphwrapandclear.o(.constdata__ZTVN8touchgfx21DataGraphWrapAndClearE)
 <LI><a href="#[ee]">touchgfx::AbstractDataGraph::setWidth(short)</a> from abstractdatagraph.o(i._ZN8touchgfx17AbstractDataGraph8setWidthEs) referenced from abstractdatagraph.o(.constdata__ZTVN8touchgfx22AbstractDataGraphWithYE)
 <LI><a href="#[ef]">touchgfx::AbstractDataGraph::setHeight(short)</a> from abstractdatagraph.o(i._ZN8touchgfx17AbstractDataGraph9setHeightEs) referenced from abstractdatagraph.o(.constdata__ZTVN8touchgfx17AbstractDataGraphE)
 <LI><a href="#[ef]">touchgfx::AbstractDataGraph::setHeight(short)</a> from abstractdatagraph.o(i._ZN8touchgfx17AbstractDataGraph9setHeightEs) referenced from mainviewbase.o(.constdata__ZTVN8touchgfx17GraphWrapAndClearILs100EEE)
 <LI><a href="#[ef]">touchgfx::AbstractDataGraph::setHeight(short)</a> from abstractdatagraph.o(i._ZN8touchgfx17AbstractDataGraph9setHeightEs) referenced from graphwrapandclear.o(.constdata__ZTVN8touchgfx21DataGraphWrapAndClearE)
 <LI><a href="#[ef]">touchgfx::AbstractDataGraph::setHeight(short)</a> from abstractdatagraph.o(i._ZN8touchgfx17AbstractDataGraph9setHeightEs) referenced from abstractdatagraph.o(.constdata__ZTVN8touchgfx22AbstractDataGraphWithYE)
 <LI><a href="#[e6]">touchgfx::AbstractPartition::~AbstractPartition__sub_object()</a> from abstractpartition.o(i._ZN8touchgfx17AbstractPartitionD2Ev) referenced from abstractpartition.o(.constdata__ZTVN8touchgfx17AbstractPartitionE)
 <LI><a href="#[196]">touchgfx::GraphWrapAndClear&lang;(short)100&rang;::~GraphWrapAndClear()</a> from mainviewbase.o(i._ZN8touchgfx17GraphWrapAndClearILs100EED1Ev) referenced from mainviewbase.o(.constdata__ZTVN8touchgfx17GraphWrapAndClearILs100EEE)
 <LI><a href="#[199]">touchgfx::LockFreeDMA_Queue::pushCopyOf(const touchgfx::BlitOp&)</a> from dma.o(i._ZN8touchgfx17LockFreeDMA_Queue10pushCopyOfERKNS_6BlitOpE) referenced from dma.o(.constdata__ZTVN8touchgfx17LockFreeDMA_QueueE)
 <LI><a href="#[19a]">touchgfx::LockFreeDMA_Queue::pop()</a> from dma.o(i._ZN8touchgfx17LockFreeDMA_Queue3popEv) referenced from dma.o(.constdata__ZTVN8touchgfx17LockFreeDMA_QueueE)
 <LI><a href="#[19b]">touchgfx::LockFreeDMA_Queue::first()</a> from dma.o(i._ZN8touchgfx17LockFreeDMA_Queue5firstEv) referenced from dma.o(.constdata__ZTVN8touchgfx17LockFreeDMA_QueueE)
 <LI><a href="#[198]">touchgfx::LockFreeDMA_Queue::isFull()</a> from dma.o(i._ZN8touchgfx17LockFreeDMA_Queue6isFullEv) referenced from dma.o(.constdata__ZTVN8touchgfx17LockFreeDMA_QueueE)
 <LI><a href="#[197]">touchgfx::LockFreeDMA_Queue::isEmpty()</a> from dma.o(i._ZN8touchgfx17LockFreeDMA_Queue7isEmptyEv) referenced from dma.o(.constdata__ZTVN8touchgfx17LockFreeDMA_QueueE)
 <LI><a href="#[e9]">touchgfx::GraphElementGridBase::invalidateGraphPointAt(short)</a> from graphelements.o(i._ZN8touchgfx20GraphElementGridBase22invalidateGraphPointAtEs) referenced from graphelements.o(.constdata__ZTVN8touchgfx17GraphElementGridYE)
 <LI><a href="#[e9]">touchgfx::GraphElementGridBase::invalidateGraphPointAt(short)</a> from graphelements.o(i._ZN8touchgfx20GraphElementGridBase22invalidateGraphPointAtEs) referenced from graphelements.o(.constdata__ZTVN8touchgfx20GraphElementGridBaseE)
 <LI><a href="#[18f]">touchgfx::AbstractPainterRGB888::renderInit()</a> from abstractpainterrgb888.o(i._ZN8touchgfx21AbstractPainterRGB88810renderInitEv) referenced from painterrgb888.o(.constdata__ZTVN8touchgfx13PainterRGB888E)
 <LI><a href="#[18f]">touchgfx::AbstractPainterRGB888::renderInit()</a> from abstractpainterrgb888.o(i._ZN8touchgfx21AbstractPainterRGB88810renderInitEv) referenced from abstractpainterrgb888.o(.constdata__ZTVN8touchgfx21AbstractPainterRGB888E)
 <LI><a href="#[191]">touchgfx::AbstractPainterRGB888::renderPixel(unsigned short*, unsigned char, unsigned char, unsigned char)</a> from abstractpainterrgb888.o(i._ZN8touchgfx21AbstractPainterRGB88811renderPixelEPthhh) referenced from painterrgb888.o(.constdata__ZTVN8touchgfx13PainterRGB888E)
 <LI><a href="#[191]">touchgfx::AbstractPainterRGB888::renderPixel(unsigned short*, unsigned char, unsigned char, unsigned char)</a> from abstractpainterrgb888.o(i._ZN8touchgfx21AbstractPainterRGB88811renderPixelEPthhh) referenced from abstractpainterrgb888.o(.constdata__ZTVN8touchgfx21AbstractPainterRGB888E)
 <LI><a href="#[19c]">touchgfx::AbstractPainterRGB888::render(unsigned char*, int, int, int, unsigned, const unsigned char*)</a> from abstractpainterrgb888.o(i._ZN8touchgfx21AbstractPainterRGB8886renderEPhiiijPKh) referenced from abstractpainterrgb888.o(.constdata__ZTVN8touchgfx21AbstractPainterRGB888E)
 <LI><a href="#[107]">touchgfx::DataGraphWrapAndClear::beforeAddValue()</a> from graphwrapandclear.o(i._ZN8touchgfx21DataGraphWrapAndClear14beforeAddValueEv) referenced from mainviewbase.o(.constdata__ZTVN8touchgfx17GraphWrapAndClearILs100EEE)
 <LI><a href="#[107]">touchgfx::DataGraphWrapAndClear::beforeAddValue()</a> from graphwrapandclear.o(i._ZN8touchgfx21DataGraphWrapAndClear14beforeAddValueEv) referenced from graphwrapandclear.o(.constdata__ZTVN8touchgfx21DataGraphWrapAndClearE)
 <LI><a href="#[108]">touchgfx::DataGraphWrapAndClear::addValue(int)</a> from graphwrapandclear.o(i._ZN8touchgfx21DataGraphWrapAndClear8addValueEi) referenced from mainviewbase.o(.constdata__ZTVN8touchgfx17GraphWrapAndClearILs100EEE)
 <LI><a href="#[108]">touchgfx::DataGraphWrapAndClear::addValue(int)</a> from graphwrapandclear.o(i._ZN8touchgfx21DataGraphWrapAndClear8addValueEi) referenced from graphwrapandclear.o(.constdata__ZTVN8touchgfx21DataGraphWrapAndClearE)
 <LI><a href="#[19d]">touchgfx::AbstractDataGraphWithY::beforeAddValue()</a> from abstractdatagraph.o(i._ZN8touchgfx22AbstractDataGraphWithY14beforeAddValueEv) referenced from abstractdatagraph.o(.constdata__ZTVN8touchgfx22AbstractDataGraphWithYE)
 <LI><a href="#[f5]">touchgfx::AbstractDataGraphWithY::setGraphRangeX(int, int)</a> from abstractdatagraph.o(i._ZN8touchgfx22AbstractDataGraphWithY14setGraphRangeXEii) referenced from mainviewbase.o(.constdata__ZTVN8touchgfx17GraphWrapAndClearILs100EEE)
 <LI><a href="#[f5]">touchgfx::AbstractDataGraphWithY::setGraphRangeX(int, int)</a> from abstractdatagraph.o(i._ZN8touchgfx22AbstractDataGraphWithY14setGraphRangeXEii) referenced from graphwrapandclear.o(.constdata__ZTVN8touchgfx21DataGraphWrapAndClearE)
 <LI><a href="#[f5]">touchgfx::AbstractDataGraphWithY::setGraphRangeX(int, int)</a> from abstractdatagraph.o(i._ZN8touchgfx22AbstractDataGraphWithY14setGraphRangeXEii) referenced from abstractdatagraph.o(.constdata__ZTVN8touchgfx22AbstractDataGraphWithYE)
 <LI><a href="#[f6]">touchgfx::AbstractDataGraphWithY::setGraphRangeY(int, int)</a> from abstractdatagraph.o(i._ZN8touchgfx22AbstractDataGraphWithY14setGraphRangeYEii) referenced from mainviewbase.o(.constdata__ZTVN8touchgfx17GraphWrapAndClearILs100EEE)
 <LI><a href="#[f6]">touchgfx::AbstractDataGraphWithY::setGraphRangeY(int, int)</a> from abstractdatagraph.o(i._ZN8touchgfx22AbstractDataGraphWithY14setGraphRangeYEii) referenced from graphwrapandclear.o(.constdata__ZTVN8touchgfx21DataGraphWrapAndClearE)
 <LI><a href="#[f6]">touchgfx::AbstractDataGraphWithY::setGraphRangeY(int, int)</a> from abstractdatagraph.o(i._ZN8touchgfx22AbstractDataGraphWithY14setGraphRangeYEii) referenced from abstractdatagraph.o(.constdata__ZTVN8touchgfx22AbstractDataGraphWithYE)
 <LI><a href="#[fd]">touchgfx::AbstractDataGraphWithY::setGraphRangeYScaled(int, int)</a> from abstractdatagraph.o(i._ZN8touchgfx22AbstractDataGraphWithY20setGraphRangeYScaledEii) referenced from mainviewbase.o(.constdata__ZTVN8touchgfx17GraphWrapAndClearILs100EEE)
 <LI><a href="#[fd]">touchgfx::AbstractDataGraphWithY::setGraphRangeYScaled(int, int)</a> from abstractdatagraph.o(i._ZN8touchgfx22AbstractDataGraphWithY20setGraphRangeYScaledEii) referenced from graphwrapandclear.o(.constdata__ZTVN8touchgfx21DataGraphWrapAndClearE)
 <LI><a href="#[fd]">touchgfx::AbstractDataGraphWithY::setGraphRangeYScaled(int, int)</a> from abstractdatagraph.o(i._ZN8touchgfx22AbstractDataGraphWithY20setGraphRangeYScaledEii) referenced from abstractdatagraph.o(.constdata__ZTVN8touchgfx22AbstractDataGraphWithYE)
 <LI><a href="#[f4]">touchgfx::AbstractDataGraphWithY::setScale(int)</a> from abstractdatagraph.o(i._ZN8touchgfx22AbstractDataGraphWithY8setScaleEi) referenced from mainviewbase.o(.constdata__ZTVN8touchgfx17GraphWrapAndClearILs100EEE)
 <LI><a href="#[f4]">touchgfx::AbstractDataGraphWithY::setScale(int)</a> from abstractdatagraph.o(i._ZN8touchgfx22AbstractDataGraphWithY8setScaleEi) referenced from graphwrapandclear.o(.constdata__ZTVN8touchgfx21DataGraphWrapAndClearE)
 <LI><a href="#[f4]">touchgfx::AbstractDataGraphWithY::setScale(int)</a> from abstractdatagraph.o(i._ZN8touchgfx22AbstractDataGraphWithY8setScaleEi) referenced from abstractdatagraph.o(.constdata__ZTVN8touchgfx22AbstractDataGraphWithYE)
 <LI><a href="#[e0]">touchgfx::AbstractGraphElementNoCWR::setColor(touchgfx::colortype)</a> from graphelements.o(i._ZN8touchgfx25AbstractGraphElementNoCWR8setColorENS_9colortypeE) referenced from graphlabels.o(.constdata__ZTVN8touchgfx12GraphLabelsXE)
 <LI><a href="#[e0]">touchgfx::AbstractGraphElementNoCWR::setColor(touchgfx::colortype)</a> from graphelements.o(i._ZN8touchgfx25AbstractGraphElementNoCWR8setColorENS_9colortypeE) referenced from graphlabels.o(.constdata__ZTVN8touchgfx12GraphLabelsYE)
 <LI><a href="#[e0]">touchgfx::AbstractGraphElementNoCWR::setColor(touchgfx::colortype)</a> from graphelements.o(i._ZN8touchgfx25AbstractGraphElementNoCWR8setColorENS_9colortypeE) referenced from graphlabels.o(.constdata__ZTVN8touchgfx15GraphLabelsBaseE)
 <LI><a href="#[e0]">touchgfx::AbstractGraphElementNoCWR::setColor(touchgfx::colortype)</a> from graphelements.o(i._ZN8touchgfx25AbstractGraphElementNoCWR8setColorENS_9colortypeE) referenced from graphelements.o(.constdata__ZTVN8touchgfx17GraphElementGridYE)
 <LI><a href="#[e0]">touchgfx::AbstractGraphElementNoCWR::setColor(touchgfx::colortype)</a> from graphelements.o(i._ZN8touchgfx25AbstractGraphElementNoCWR8setColorENS_9colortypeE) referenced from graphelements.o(.constdata__ZTVN8touchgfx20GraphElementGridBaseE)
 <LI><a href="#[e0]">touchgfx::AbstractGraphElementNoCWR::setColor(touchgfx::colortype)</a> from graphelements.o(i._ZN8touchgfx25AbstractGraphElementNoCWR8setColorENS_9colortypeE) referenced from graphlabels.o(.constdata__ZTVN8touchgfx23AbstractGraphDecorationE)
 <LI><a href="#[e0]">touchgfx::AbstractGraphElementNoCWR::setColor(touchgfx::colortype)</a> from graphelements.o(i._ZN8touchgfx25AbstractGraphElementNoCWR8setColorENS_9colortypeE) referenced from graphelements.o(.constdata__ZTVN8touchgfx25AbstractGraphElementNoCWRE)
 <LI><a href="#[170]">touchgfx::HAL::beginFrame()</a> from hal.o(i._ZN8touchgfx3HAL10beginFrameEv) referenced from touchgfxhal.o(.constdata__ZTV11TouchGFXHAL)
 <LI><a href="#[170]">touchgfx::HAL::beginFrame()</a> from hal.o(i._ZN8touchgfx3HAL10beginFrameEv) referenced from hal.o(.constdata__ZTVN8touchgfx3HALE)
 <LI><a href="#[16e]">touchgfx::HAL::getDMAType()</a> from touchgfxhal.o(i._ZN8touchgfx3HAL10getDMATypeEv) referenced from touchgfxhal.o(.constdata__ZTV11TouchGFXHAL)
 <LI><a href="#[16e]">touchgfx::HAL::getDMAType()</a> from touchgfxhal.o(i._ZN8touchgfx3HAL10getDMATypeEv) referenced from hal.o(.constdata__ZTVN8touchgfx3HALE)
 <LI><a href="#[15d]">touchgfx::HAL::getBlitCaps()</a> from touchgfxhal.o(i._ZN8touchgfx3HAL11getBlitCapsEv) referenced from touchgfxhal.o(.constdata__ZTV11TouchGFXHAL)
 <LI><a href="#[15d]">touchgfx::HAL::getBlitCaps()</a> from touchgfxhal.o(i._ZN8touchgfx3HAL11getBlitCapsEv) referenced from hal.o(.constdata__ZTVN8touchgfx3HALE)
 <LI><a href="#[161]">touchgfx::HAL::blitCopyGlyph(const unsigned char*, unsigned short, unsigned short, unsigned short, unsigned short, unsigned short, touchgfx::colortype, unsigned char, touchgfx::BlitOperations)</a> from hal.o(i._ZN8touchgfx3HAL13blitCopyGlyphEPKhtttttNS_9colortypeEhNS_14BlitOperationsE) referenced from touchgfxhal.o(.constdata__ZTV11TouchGFXHAL)
 <LI><a href="#[161]">touchgfx::HAL::blitCopyGlyph(const unsigned char*, unsigned short, unsigned short, unsigned short, unsigned short, unsigned short, touchgfx::colortype, unsigned char, touchgfx::BlitOperations)</a> from hal.o(i._ZN8touchgfx3HAL13blitCopyGlyphEPKhtttttNS_9colortypeEhNS_14BlitOperationsE) referenced from hal.o(.constdata__ZTVN8touchgfx3HALE)
 <LI><a href="#[165]">touchgfx::HAL::backPorchExited()</a> from touchgfxhal.o(i._ZN8touchgfx3HAL15backPorchExitedEv) referenced from touchgfxhal.o(.constdata__ZTV11TouchGFXHAL)
 <LI><a href="#[165]">touchgfx::HAL::backPorchExited()</a> from touchgfxhal.o(i._ZN8touchgfx3HAL15backPorchExitedEv) referenced from hal.o(.constdata__ZTVN8touchgfx3HALE)
 <LI><a href="#[15a]">touchgfx::HAL::lockFrameBuffer()</a> from hal.o(i._ZN8touchgfx3HAL15lockFrameBufferEv) referenced from touchgfxhal.o(.constdata__ZTV11TouchGFXHAL)
 <LI><a href="#[15a]">touchgfx::HAL::lockFrameBuffer()</a> from hal.o(i._ZN8touchgfx3HAL15lockFrameBufferEv) referenced from hal.o(.constdata__ZTVN8touchgfx3HALE)
 <LI><a href="#[160]">touchgfx::HAL::blitCopyARGB8888(const unsigned short*, unsigned short, unsigned short, unsigned short, unsigned short, unsigned short, unsigned char)</a> from hal.o(i._ZN8touchgfx3HAL16blitCopyARGB8888EPKtttttth) referenced from touchgfxhal.o(.constdata__ZTV11TouchGFXHAL)
 <LI><a href="#[160]">touchgfx::HAL::blitCopyARGB8888(const unsigned short*, unsigned short, unsigned short, unsigned short, unsigned short, unsigned short, unsigned char)</a> from hal.o(i._ZN8touchgfx3HAL16blitCopyARGB8888EPKtttttth) referenced from hal.o(.constdata__ZTVN8touchgfx3HALE)
 <LI><a href="#[19e]">touchgfx::HAL::flushFrameBuffer(const touchgfx::Rect&)</a> from hal.o(i._ZN8touchgfx3HAL16flushFrameBufferERKNS_4RectE) referenced from hal.o(.constdata__ZTVN8touchgfx3HALE)
 <LI><a href="#[158]">touchgfx::HAL::allowDMATransfers()</a> from hal.o(i._ZN8touchgfx3HAL17allowDMATransfersEv) referenced from touchgfxhal.o(.constdata__ZTV11TouchGFXHAL)
 <LI><a href="#[158]">touchgfx::HAL::allowDMATransfers()</a> from hal.o(i._ZN8touchgfx3HAL17allowDMATransfersEv) referenced from hal.o(.constdata__ZTVN8touchgfx3HALE)
 <LI><a href="#[16d]">touchgfx::HAL::getTFTCurrentLine()</a> from touchgfxhal.o(i._ZN8touchgfx3HAL17getTFTCurrentLineEv) referenced from touchgfxhal.o(.constdata__ZTV11TouchGFXHAL)
 <LI><a href="#[16d]">touchgfx::HAL::getTFTCurrentLine()</a> from touchgfxhal.o(i._ZN8touchgfx3HAL17getTFTCurrentLineEv) referenced from hal.o(.constdata__ZTVN8touchgfx3HALE)
 <LI><a href="#[15b]">touchgfx::HAL::unlockFrameBuffer()</a> from hal.o(i._ZN8touchgfx3HAL17unlockFrameBufferEv) referenced from touchgfxhal.o(.constdata__ZTV11TouchGFXHAL)
 <LI><a href="#[15b]">touchgfx::HAL::unlockFrameBuffer()</a> from hal.o(i._ZN8touchgfx3HAL17unlockFrameBufferEv) referenced from hal.o(.constdata__ZTVN8touchgfx3HALE)
 <LI><a href="#[164]">touchgfx::HAL::registerEventListener(touchgfx::UIEventListener&)</a> from hal.o(i._ZN8touchgfx3HAL21registerEventListenerERNS_15UIEventListenerE) referenced from touchgfxhal.o(.constdata__ZTV11TouchGFXHAL)
 <LI><a href="#[164]">touchgfx::HAL::registerEventListener(touchgfx::UIEventListener&)</a> from hal.o(i._ZN8touchgfx3HAL21registerEventListenerERNS_15UIEventListenerE) referenced from hal.o(.constdata__ZTVN8touchgfx3HALE)
 <LI><a href="#[155]">touchgfx::HAL::setDisplayOrientation(touchgfx::DisplayOrientation)</a> from touchgfxhal.o(i._ZN8touchgfx3HAL21setDisplayOrientationENS_18DisplayOrientationE) referenced from touchgfxhal.o(.constdata__ZTV11TouchGFXHAL)
 <LI><a href="#[155]">touchgfx::HAL::setDisplayOrientation(touchgfx::DisplayOrientation)</a> from touchgfxhal.o(i._ZN8touchgfx3HAL21setDisplayOrientationENS_18DisplayOrientationE) referenced from hal.o(.constdata__ZTVN8touchgfx3HALE)
 <LI><a href="#[16b]">touchgfx::HAL::configurePartialFrameBuffer(unsigned short, unsigned short, unsigned short, unsigned short)</a> from hal.o(i._ZN8touchgfx3HAL27configurePartialFrameBufferEtttt) referenced from touchgfxhal.o(.constdata__ZTV11TouchGFXHAL)
 <LI><a href="#[16b]">touchgfx::HAL::configurePartialFrameBuffer(unsigned short, unsigned short, unsigned short, unsigned short)</a> from hal.o(i._ZN8touchgfx3HAL27configurePartialFrameBufferEtttt) referenced from hal.o(.constdata__ZTVN8touchgfx3HALE)
 <LI><a href="#[16a]">touchgfx::HAL::setFrameBufferStartAddresses(void*, void*, void*)</a> from touchgfxhal.o(i._ZN8touchgfx3HAL28setFrameBufferStartAddressesEPvS1_S1_) referenced from touchgfxhal.o(.constdata__ZTV11TouchGFXHAL)
 <LI><a href="#[16a]">touchgfx::HAL::setFrameBufferStartAddresses(void*, void*, void*)</a> from touchgfxhal.o(i._ZN8touchgfx3HAL28setFrameBufferStartAddressesEPvS1_S1_) referenced from hal.o(.constdata__ZTVN8touchgfx3HALE)
 <LI><a href="#[175]">touchgfx::HAL::performDisplayOrientationChange()</a> from touchgfxhal.o(i._ZN8touchgfx3HAL31performDisplayOrientationChangeEv) referenced from touchgfxhal.o(.constdata__ZTV11TouchGFXHAL)
 <LI><a href="#[175]">touchgfx::HAL::performDisplayOrientationChange()</a> from touchgfxhal.o(i._ZN8touchgfx3HAL31performDisplayOrientationChangeEv) referenced from hal.o(.constdata__ZTVN8touchgfx3HALE)
 <LI><a href="#[16f]">touchgfx::HAL::tick()</a> from hal.o(i._ZN8touchgfx3HAL4tickEv) referenced from touchgfxhal.o(.constdata__ZTV11TouchGFXHAL)
 <LI><a href="#[16f]">touchgfx::HAL::tick()</a> from hal.o(i._ZN8touchgfx3HAL4tickEv) referenced from hal.o(.constdata__ZTVN8touchgfx3HALE)
 <LI><a href="#[173]">touchgfx::HAL::touch(int, int)</a> from hal.o(i._ZN8touchgfx3HAL5touchEii) referenced from touchgfxhal.o(.constdata__ZTV11TouchGFXHAL)
 <LI><a href="#[173]">touchgfx::HAL::touch(int, int)</a> from hal.o(i._ZN8touchgfx3HAL5touchEii) referenced from hal.o(.constdata__ZTVN8touchgfx3HALE)
 <LI><a href="#[174]">touchgfx::HAL::noTouch()</a> from hal.o(i._ZN8touchgfx3HAL7noTouchEv) referenced from touchgfxhal.o(.constdata__ZTV11TouchGFXHAL)
 <LI><a href="#[174]">touchgfx::HAL::noTouch()</a> from hal.o(i._ZN8touchgfx3HAL7noTouchEv) referenced from hal.o(.constdata__ZTVN8touchgfx3HALE)
 <LI><a href="#[15f]">touchgfx::HAL::blitCopy(const unsigned short*, unsigned short, unsigned short, unsigned short, unsigned short, unsigned short, unsigned char, bool)</a> from hal.o(i._ZN8touchgfx3HAL8blitCopyEPKtttttthb) referenced from touchgfxhal.o(.constdata__ZTV11TouchGFXHAL)
 <LI><a href="#[15f]">touchgfx::HAL::blitCopy(const unsigned short*, unsigned short, unsigned short, unsigned short, unsigned short, unsigned short, unsigned char, bool)</a> from hal.o(i._ZN8touchgfx3HAL8blitCopyEPKtttttthb) referenced from hal.o(.constdata__ZTVN8touchgfx3HALE)
 <LI><a href="#[15e]">touchgfx::HAL::blitCopy(const unsigned short*, unsigned short, unsigned short, unsigned short, unsigned short, unsigned short, unsigned char, bool, unsigned short, touchgfx::Bitmap::BitmapFormat, touchgfx::Bitmap::BitmapFormat)</a> from hal.o(i._ZN8touchgfx3HAL8blitCopyEPKtttttthbtNS_6Bitmap12BitmapFormatES4_) referenced from touchgfxhal.o(.constdata__ZTV11TouchGFXHAL)
 <LI><a href="#[15e]">touchgfx::HAL::blitCopy(const unsigned short*, unsigned short, unsigned short, unsigned short, unsigned short, unsigned short, unsigned char, bool, unsigned short, touchgfx::Bitmap::BitmapFormat, touchgfx::Bitmap::BitmapFormat)</a> from hal.o(i._ZN8touchgfx3HAL8blitCopyEPKtttttthbtNS_6Bitmap12BitmapFormatES4_) referenced from hal.o(.constdata__ZTVN8touchgfx3HALE)
 <LI><a href="#[163]">touchgfx::HAL::blitFill(touchgfx::colortype, unsigned short, unsigned short, unsigned short, unsigned short, unsigned char)</a> from hal.o(i._ZN8touchgfx3HAL8blitFillENS_9colortypeEtttth) referenced from touchgfxhal.o(.constdata__ZTV11TouchGFXHAL)
 <LI><a href="#[163]">touchgfx::HAL::blitFill(touchgfx::colortype, unsigned short, unsigned short, unsigned short, unsigned short, unsigned char)</a> from hal.o(i._ZN8touchgfx3HAL8blitFillENS_9colortypeEtttth) referenced from hal.o(.constdata__ZTVN8touchgfx3HALE)
 <LI><a href="#[162]">touchgfx::HAL::blitFill(touchgfx::colortype, unsigned short, unsigned short, unsigned short, unsigned short, unsigned char, unsigned short, touchgfx::Bitmap::BitmapFormat)</a> from hal.o(i._ZN8touchgfx3HAL8blitFillENS_9colortypeEtttthtNS_6Bitmap12BitmapFormatE) referenced from touchgfxhal.o(.constdata__ZTV11TouchGFXHAL)
 <LI><a href="#[162]">touchgfx::HAL::blitFill(touchgfx::colortype, unsigned short, unsigned short, unsigned short, unsigned short, unsigned char, unsigned short, touchgfx::Bitmap::BitmapFormat)</a> from hal.o(i._ZN8touchgfx3HAL8blitFillENS_9colortypeEtttthtNS_6Bitmap12BitmapFormatE) referenced from hal.o(.constdata__ZTVN8touchgfx3HALE)
 <LI><a href="#[171]">touchgfx::HAL::endFrame()</a> from hal.o(i._ZN8touchgfx3HAL8endFrameEv) referenced from touchgfxhal.o(.constdata__ZTV11TouchGFXHAL)
 <LI><a href="#[171]">touchgfx::HAL::endFrame()</a> from hal.o(i._ZN8touchgfx3HAL8endFrameEv) referenced from hal.o(.constdata__ZTVN8touchgfx3HALE)
 <LI><a href="#[159]">touchgfx::HAL::flushDMA()</a> from hal.o(i._ZN8touchgfx3HAL8flushDMAEv) referenced from touchgfxhal.o(.constdata__ZTV11TouchGFXHAL)
 <LI><a href="#[159]">touchgfx::HAL::flushDMA()</a> from hal.o(i._ZN8touchgfx3HAL8flushDMAEv) referenced from hal.o(.constdata__ZTVN8touchgfx3HALE)
 <LI><a href="#[16c]">touchgfx::HAL::taskDelay(unsigned short)</a> from touchgfxhal.o(i._ZN8touchgfx3HAL9taskDelayEt) referenced from touchgfxhal.o(.constdata__ZTV11TouchGFXHAL)
 <LI><a href="#[16c]">touchgfx::HAL::taskDelay(unsigned short)</a> from touchgfxhal.o(i._ZN8touchgfx3HAL9taskDelayEt) referenced from hal.o(.constdata__ZTVN8touchgfx3HALE)
 <LI><a href="#[156]">touchgfx::HAL::taskEntry()</a> from hal.o(i._ZN8touchgfx3HAL9taskEntryEv) referenced from touchgfxhal.o(.constdata__ZTV11TouchGFXHAL)
 <LI><a href="#[156]">touchgfx::HAL::taskEntry()</a> from hal.o(i._ZN8touchgfx3HAL9taskEntryEv) referenced from hal.o(.constdata__ZTVN8touchgfx3HALE)
 <LI><a href="#[af]">touchgfx::Rect::Rect()</a> from application.o(i._ZN8touchgfx4RectC1Ev) referenced from application.o(t._ZN8touchgfx6VectorINS_4RectELt8EEC1Ev)
 <LI><a href="#[10e]">touchgfx::Image::setBitmap(const touchgfx::Bitmap&)</a> from image.o(i._ZN8touchgfx5Image9setBitmapERKNS_6BitmapE) referenced from image.o(.constdata__ZTVN8touchgfx5ImageE)
 <LI><a href="#[a1]">touchgfx::BlitOp::BlitOp()</a> from stm32dma.o(i._ZN8touchgfx6BlitOpC1Ev) referenced from stm32dma.o(i._ZN10STM32H7DMAC1Ev)
 <LI><a href="#[1a0]">touchgfx::Canvas::~Canvas()</a> from canvas.o(i._ZN8touchgfx6CanvasD1Ev) referenced from canvas.o(.constdata__ZTVN8touchgfx6CanvasE)
 <LI><a href="#[110]">touchgfx::Screen::setupScreen()</a> from screen.o(i._ZN8touchgfx6Screen11setupScreenEv) referenced from screen.o(.constdata__ZTVN8touchgfx6ScreenE)
 <LI><a href="#[ba]">touchgfx::Screen::handleKeyEvent(unsigned char)</a> from mainview.o(i._ZN8touchgfx6Screen14handleKeyEventEh) referenced from mainviewbase.o(.constdata__ZTV12MainViewBase)
 <LI><a href="#[ba]">touchgfx::Screen::handleKeyEvent(unsigned char)</a> from mainview.o(i._ZN8touchgfx6Screen14handleKeyEventEh) referenced from mainview.o(.constdata__ZTV8MainView)
 <LI><a href="#[ba]">touchgfx::Screen::handleKeyEvent(unsigned char)</a> from mainview.o(i._ZN8touchgfx6Screen14handleKeyEventEh) referenced from screen.o(.constdata__ZTVN8touchgfx6ScreenE)
 <LI><a href="#[b5]">touchgfx::Screen::tearDownScreen()</a> from mainviewbase.o(i._ZN8touchgfx6Screen14tearDownScreenEv) referenced from mainviewbase.o(.constdata__ZTV12MainViewBase)
 <LI><a href="#[b5]">touchgfx::Screen::tearDownScreen()</a> from mainviewbase.o(i._ZN8touchgfx6Screen14tearDownScreenEv) referenced from screen.o(.constdata__ZTVN8touchgfx6ScreenE)
 <LI><a href="#[b4]">touchgfx::Screen::afterTransition()</a> from mainview.o(i._ZN8touchgfx6Screen15afterTransitionEv) referenced from mainviewbase.o(.constdata__ZTV12MainViewBase)
 <LI><a href="#[b4]">touchgfx::Screen::afterTransition()</a> from mainview.o(i._ZN8touchgfx6Screen15afterTransitionEv) referenced from mainview.o(.constdata__ZTV8MainView)
 <LI><a href="#[b4]">touchgfx::Screen::afterTransition()</a> from mainview.o(i._ZN8touchgfx6Screen15afterTransitionEv) referenced from screen.o(.constdata__ZTVN8touchgfx6ScreenE)
 <LI><a href="#[b7]">touchgfx::Screen::handleDragEvent(const touchgfx::DragEvent&)</a> from screen.o(i._ZN8touchgfx6Screen15handleDragEventERKNS_9DragEventE) referenced from mainviewbase.o(.constdata__ZTV12MainViewBase)
 <LI><a href="#[b7]">touchgfx::Screen::handleDragEvent(const touchgfx::DragEvent&)</a> from screen.o(i._ZN8touchgfx6Screen15handleDragEventERKNS_9DragEventE) referenced from mainview.o(.constdata__ZTV8MainView)
 <LI><a href="#[b7]">touchgfx::Screen::handleDragEvent(const touchgfx::DragEvent&)</a> from screen.o(i._ZN8touchgfx6Screen15handleDragEventERKNS_9DragEventE) referenced from screen.o(.constdata__ZTVN8touchgfx6ScreenE)
 <LI><a href="#[b9]">touchgfx::Screen::handleTickEvent()</a> from mainviewbase.o(i._ZN8touchgfx6Screen15handleTickEventEv) referenced from mainviewbase.o(.constdata__ZTV12MainViewBase)
 <LI><a href="#[b9]">touchgfx::Screen::handleTickEvent()</a> from mainviewbase.o(i._ZN8touchgfx6Screen15handleTickEventEv) referenced from screen.o(.constdata__ZTVN8touchgfx6ScreenE)
 <LI><a href="#[b6]">touchgfx::Screen::handleClickEvent(const touchgfx::ClickEvent&)</a> from screen.o(i._ZN8touchgfx6Screen16handleClickEventERKNS_10ClickEventE) referenced from mainviewbase.o(.constdata__ZTV12MainViewBase)
 <LI><a href="#[b6]">touchgfx::Screen::handleClickEvent(const touchgfx::ClickEvent&)</a> from screen.o(i._ZN8touchgfx6Screen16handleClickEventERKNS_10ClickEventE) referenced from mainview.o(.constdata__ZTV8MainView)
 <LI><a href="#[b6]">touchgfx::Screen::handleClickEvent(const touchgfx::ClickEvent&)</a> from screen.o(i._ZN8touchgfx6Screen16handleClickEventERKNS_10ClickEventE) referenced from screen.o(.constdata__ZTVN8touchgfx6ScreenE)
 <LI><a href="#[b8]">touchgfx::Screen::handleGestureEvent(const touchgfx::GestureEvent&)</a> from screen.o(i._ZN8touchgfx6Screen18handleGestureEventERKNS_12GestureEventE) referenced from mainviewbase.o(.constdata__ZTV12MainViewBase)
 <LI><a href="#[b8]">touchgfx::Screen::handleGestureEvent(const touchgfx::GestureEvent&)</a> from screen.o(i._ZN8touchgfx6Screen18handleGestureEventERKNS_12GestureEventE) referenced from mainview.o(.constdata__ZTV8MainView)
 <LI><a href="#[b8]">touchgfx::Screen::handleGestureEvent(const touchgfx::GestureEvent&)</a> from screen.o(i._ZN8touchgfx6Screen18handleGestureEventERKNS_12GestureEventE) referenced from screen.o(.constdata__ZTVN8touchgfx6ScreenE)
 <LI><a href="#[b2]">touchgfx::Screen::draw(touchgfx::Rect&)</a> from screen.o(i._ZN8touchgfx6Screen4drawERNS_4RectE) referenced from mainviewbase.o(.constdata__ZTV12MainViewBase)
 <LI><a href="#[b2]">touchgfx::Screen::draw(touchgfx::Rect&)</a> from screen.o(i._ZN8touchgfx6Screen4drawERNS_4RectE) referenced from mainview.o(.constdata__ZTV8MainView)
 <LI><a href="#[b2]">touchgfx::Screen::draw(touchgfx::Rect&)</a> from screen.o(i._ZN8touchgfx6Screen4drawERNS_4RectE) referenced from screen.o(.constdata__ZTVN8touchgfx6ScreenE)
 <LI><a href="#[10f]">touchgfx::Screen::~Screen()</a> from screen.o(i._ZN8touchgfx6ScreenD1Ev) referenced from screen.o(.constdata__ZTVN8touchgfx6ScreenE)
 <LI><a href="#[115]">touchgfx::Slider::setValueRange(int, int)</a> from slider.o(i._ZN8touchgfx6Slider13setValueRangeEii) referenced from slider.o(.constdata__ZTVN8touchgfx6SliderE)
 <LI><a href="#[114]">touchgfx::Slider::setValueRange(int, int, int)</a> from slider.o(i._ZN8touchgfx6Slider13setValueRangeEiii) referenced from slider.o(.constdata__ZTVN8touchgfx6SliderE)
 <LI><a href="#[112]">touchgfx::Slider::handleDragEvent(const touchgfx::DragEvent&)</a> from slider.o(i._ZN8touchgfx6Slider15handleDragEventERKNS_9DragEventE) referenced from slider.o(.constdata__ZTVN8touchgfx6SliderE)
 <LI><a href="#[111]">touchgfx::Slider::handleClickEvent(const touchgfx::ClickEvent&)</a> from slider.o(i._ZN8touchgfx6Slider16handleClickEventERKNS_10ClickEventE) referenced from slider.o(.constdata__ZTVN8touchgfx6SliderE)
 <LI><a href="#[113]">touchgfx::Slider::setupVerticalSlider(unsigned short, unsigned short, unsigned short, unsigned short, unsigned short)</a> from slider.o(i._ZN8touchgfx6Slider19setupVerticalSliderEttttt) referenced from slider.o(.constdata__ZTVN8touchgfx6SliderE)
 <LI><a href="#[117]">touchgfx::Slider::updateIndicatorPosition(short)</a> from slider.o(i._ZN8touchgfx6Slider23updateIndicatorPositionEs) referenced from slider.o(.constdata__ZTVN8touchgfx6SliderE)
 <LI><a href="#[116]">touchgfx::Slider::setValue(int)</a> from slider.o(i._ZN8touchgfx6Slider8setValueEi) referenced from slider.o(.constdata__ZTVN8touchgfx6SliderE)
 <LI><a href="#[cb]">touchgfx::Widget::getLastChild(short, short, touchgfx::Drawable**)</a> from mainviewbase.o(i._ZN8touchgfx6Widget12getLastChildEssPPNS_8DrawableE) referenced from canvaswidget.o(.constdata__ZTVN8touchgfx12CanvasWidgetE)
 <LI><a href="#[cb]">touchgfx::Widget::getLastChild(short, short, touchgfx::Drawable**)</a> from mainviewbase.o(i._ZN8touchgfx6Widget12getLastChildEssPPNS_8DrawableE) referenced from graphlabels.o(.constdata__ZTVN8touchgfx12GraphLabelsXE)
 <LI><a href="#[cb]">touchgfx::Widget::getLastChild(short, short, touchgfx::Drawable**)</a> from mainviewbase.o(i._ZN8touchgfx6Widget12getLastChildEssPPNS_8DrawableE) referenced from graphlabels.o(.constdata__ZTVN8touchgfx12GraphLabelsYE)
 <LI><a href="#[cb]">touchgfx::Widget::getLastChild(short, short, touchgfx::Drawable**)</a> from mainviewbase.o(i._ZN8touchgfx6Widget12getLastChildEssPPNS_8DrawableE) referenced from boxwithborder.o(.constdata__ZTVN8touchgfx13BoxWithBorderE)
 <LI><a href="#[cb]">touchgfx::Widget::getLastChild(short, short, touchgfx::Drawable**)</a> from mainviewbase.o(i._ZN8touchgfx6Widget12getLastChildEssPPNS_8DrawableE) referenced from graphlabels.o(.constdata__ZTVN8touchgfx15GraphLabelsBaseE)
 <LI><a href="#[cb]">touchgfx::Widget::getLastChild(short, short, touchgfx::Drawable**)</a> from mainviewbase.o(i._ZN8touchgfx6Widget12getLastChildEssPPNS_8DrawableE) referenced from graphelements.o(.constdata__ZTVN8touchgfx16GraphElementLineE)
 <LI><a href="#[cb]">touchgfx::Widget::getLastChild(short, short, touchgfx::Drawable**)</a> from mainviewbase.o(i._ZN8touchgfx6Widget12getLastChildEssPPNS_8DrawableE) referenced from graphelements.o(.constdata__ZTVN8touchgfx17GraphElementGridYE)
 <LI><a href="#[cb]">touchgfx::Widget::getLastChild(short, short, touchgfx::Drawable**)</a> from mainviewbase.o(i._ZN8touchgfx6Widget12getLastChildEssPPNS_8DrawableE) referenced from graphelements.o(.constdata__ZTVN8touchgfx20AbstractGraphElementE)
 <LI><a href="#[cb]">touchgfx::Widget::getLastChild(short, short, touchgfx::Drawable**)</a> from mainviewbase.o(i._ZN8touchgfx6Widget12getLastChildEssPPNS_8DrawableE) referenced from graphelements.o(.constdata__ZTVN8touchgfx20GraphElementGridBaseE)
 <LI><a href="#[cb]">touchgfx::Widget::getLastChild(short, short, touchgfx::Drawable**)</a> from mainviewbase.o(i._ZN8touchgfx6Widget12getLastChildEssPPNS_8DrawableE) referenced from graphlabels.o(.constdata__ZTVN8touchgfx23AbstractGraphDecorationE)
 <LI><a href="#[cb]">touchgfx::Widget::getLastChild(short, short, touchgfx::Drawable**)</a> from mainviewbase.o(i._ZN8touchgfx6Widget12getLastChildEssPPNS_8DrawableE) referenced from graphelements.o(.constdata__ZTVN8touchgfx25AbstractGraphElementNoCWRE)
 <LI><a href="#[cb]">touchgfx::Widget::getLastChild(short, short, touchgfx::Drawable**)</a> from mainviewbase.o(i._ZN8touchgfx6Widget12getLastChildEssPPNS_8DrawableE) referenced from box.o(.constdata__ZTVN8touchgfx3BoxE)
 <LI><a href="#[cb]">touchgfx::Widget::getLastChild(short, short, touchgfx::Drawable**)</a> from mainviewbase.o(i._ZN8touchgfx6Widget12getLastChildEssPPNS_8DrawableE) referenced from image.o(.constdata__ZTVN8touchgfx5ImageE)
 <LI><a href="#[cb]">touchgfx::Widget::getLastChild(short, short, touchgfx::Drawable**)</a> from mainviewbase.o(i._ZN8touchgfx6Widget12getLastChildEssPPNS_8DrawableE) referenced from mainviewbase.o(.constdata__ZTVN8touchgfx6WidgetE)
 <LI><a href="#[1a1]">touchgfx::Outline::~Outline()</a> from outline.o(i._ZN8touchgfx7OutlineD1Ev) referenced from outline.o(.constdata__ZTVN8touchgfx7OutlineE)
[...]
</UL>

<P><STRONG><a name="[1c6]"></a>GT911_WR_Reg_One_byte</STRONG> (Thumb, 48 bytes, Stack size 16 bytes, gt911.o(i.GT911_WR_Reg_One_byte))
<BR><BR>[Stack]<UL><LI>Max Depth = 96<LI>Call Chain = GT911_WR_Reg_One_byte &rArr; HAL_I2C_Master_Transmit &rArr; I2C_WaitOnTXISFlagUntilTimeout &rArr; I2C_IsAcknowledgeFailed
</UL>
<BR>[Calls]<UL><LI><a href="#[1c7]">&gt;&gt;</a>&nbsp;&nbsp;&nbsp;HAL_I2C_Master_Transmit
<LI><a href="#[1c8]">&gt;&gt;</a>&nbsp;&nbsp;&nbsp;__2printf
</UL>
<BR>[Called By]<UL><LI><a href="#[24e]">&gt;&gt;</a>&nbsp;&nbsp;&nbsp;gt911_init
<LI><a href="#[24d]">&gt;&gt;</a>&nbsp;&nbsp;&nbsp;gt911_get_state
</UL>

<P><STRONG><a name="[213]"></a>SDRAM_GPIO_Config</STRONG> (Thumb, 136 bytes, Stack size 48 bytes, bsp_sdram.o(i.SDRAM_GPIO_Config))
<BR><BR>[Stack]<UL><LI>Max Depth = 92<LI>Call Chain = SDRAM_GPIO_Config &rArr; HAL_GPIO_Init
</UL>
<BR>[Calls]<UL><LI><a href="#[1d5]">&gt;&gt;</a>&nbsp;&nbsp;&nbsp;HAL_NVIC_SetPriority
<LI><a href="#[1d6]">&gt;&gt;</a>&nbsp;&nbsp;&nbsp;HAL_NVIC_EnableIRQ
<LI><a href="#[1d4]">&gt;&gt;</a>&nbsp;&nbsp;&nbsp;HAL_GPIO_Init
<LI><a href="#[1d3]">&gt;&gt;</a>&nbsp;&nbsp;&nbsp;__aeabi_memclr4
</UL>
<BR>[Called By]<UL><LI><a href="#[327]">&gt;&gt;</a>&nbsp;&nbsp;&nbsp;SDRAM_Init
</UL>

<P><STRONG><a name="[1b1]"></a>__sti___25_TouchGFXConfiguration_cpp_f5abfd34</STRONG> (Thumb, 104 bytes, Stack size 24 bytes, touchgfxconfiguration.o(i.__sti___25_TouchGFXConfiguration_cpp_f5abfd34))
<BR><BR>[Stack]<UL><LI>Max Depth = 68<LI>Call Chain = __sti___25_TouchGFXConfiguration_cpp_f5abfd34 &rArr; __aeabi_atexit &rArr; malloc
</UL>
<BR>[Calls]<UL><LI><a href="#[3c8]">&gt;&gt;</a>&nbsp;&nbsp;&nbsp;touchgfx::LCD24bpp::LCD24bpp()
<LI><a href="#[225]">&gt;&gt;</a>&nbsp;&nbsp;&nbsp;STM32H7DMA::STM32H7DMA()
<LI><a href="#[3c9]">&gt;&gt;</a>&nbsp;&nbsp;&nbsp;touchgfx::HAL::HAL__sub_object(touchgfx::DMA_Interface&, touchgfx::LCD&, touchgfx::TouchController&, unsigned short, unsigned short)
<LI><a href="#[221]">&gt;&gt;</a>&nbsp;&nbsp;&nbsp;__aeabi_atexit
</UL>
<BR>[Address Reference Count : 1]<UL><LI> touchgfxconfiguration.o(.init_array)
</UL>
<P><STRONG><a name="[381]"></a>__NVIC_EnableIRQ(IRQn_Type)</STRONG> (Thumb, 26 bytes, Stack size 0 bytes, touchgfxgeneratedhal.o(i._Z16__NVIC_EnableIRQ9IRQn_Type))
<BR><BR>[Called By]<UL><LI><a href="#[37e]">&gt;&gt;</a>&nbsp;&nbsp;&nbsp;TouchGFXGeneratedHAL::enableInterrupts()
</UL>

<P><STRONG><a name="[252]"></a>__NVIC_DisableIRQ(IRQn_Type)</STRONG> (Thumb, 34 bytes, Stack size 0 bytes, touchgfxgeneratedhal.o(i._Z17__NVIC_DisableIRQ9IRQn_Type))
<BR><BR>[Called By]<UL><LI><a href="#[251]">&gt;&gt;</a>&nbsp;&nbsp;&nbsp;TouchGFXGeneratedHAL::disableInterrupts()
</UL>

<P><STRONG><a name="[254]"></a>__NVIC_SetPriority(IRQn_Type, unsigned)</STRONG> (Thumb, 34 bytes, Stack size 0 bytes, touchgfxgeneratedhal.o(i._Z18__NVIC_SetPriority9IRQn_Typej))
<BR><BR>[Called By]<UL><LI><a href="#[253]">&gt;&gt;</a>&nbsp;&nbsp;&nbsp;TouchGFXGeneratedHAL::configureInterrupts()
</UL>

<P><STRONG><a name="[223]"></a>HAL_DMA2D_SetMode(__DMA2D_HandleTypeDef*, unsigned, unsigned, unsigned)</STRONG> (Thumb, 42 bytes, Stack size 12 bytes, stm32dma.o(i._Z17HAL_DMA2D_SetModeP21__DMA2D_HandleTypeDefjjj))
<BR><BR>[Stack]<UL><LI>Max Depth = 12<LI>Call Chain = HAL_DMA2D_SetMode(__DMA2D_HandleTypeDef*, unsigned, unsigned, unsigned)
</UL>
<BR>[Called By]<UL><LI><a href="#[151]">&gt;&gt;</a>&nbsp;&nbsp;&nbsp;STM32H7DMA::setupDataFill(const touchgfx::BlitOp&)
<LI><a href="#[150]">&gt;&gt;</a>&nbsp;&nbsp;&nbsp;STM32H7DMA::setupDataCopy(const touchgfx::BlitOp&)
</UL>

<P><STRONG><a name="[137]"></a>DMA2D_XferCpltCallback(__DMA2D_HandleTypeDef*)</STRONG> (Thumb, 12 bytes, Stack size 0 bytes, stm32dma.o(i._Z22DMA2D_XferCpltCallbackP21__DMA2D_HandleTypeDef))
<BR>[Address Reference Count : 1]<UL><LI> stm32dma.o(i._ZN10STM32H7DMA10initializeEv)
</UL>
<P><STRONG><a name="[138]"></a>DMA2D_XferErrorCallback(__DMA2D_HandleTypeDef*)</STRONG> (Thumb, 4 bytes, Stack size 0 bytes, stm32dma.o(i._Z23DMA2D_XferErrorCallbackP21__DMA2D_HandleTypeDef))
<BR>[Address Reference Count : 1]<UL><LI> stm32dma.o(i._ZN10STM32H7DMA10initializeEv)
</UL>
<P><STRONG><a name="[374]"></a>__NVIC_SetPriority</STRONG> (Thumb, 34 bytes, Stack size 0 bytes, stm32h7xx_hal_cortex.o(i.__NVIC_SetPriority))
<BR><BR>[Called By]<UL><LI><a href="#[1d5]">&gt;&gt;</a>&nbsp;&nbsp;&nbsp;HAL_NVIC_SetPriority
</UL>

<P><STRONG><a name="[1eb]"></a>RCCEx_PLL2_Config</STRONG> (Thumb, 284 bytes, Stack size 32 bytes, stm32h7xx_hal_rcc_ex.o(i.RCCEx_PLL2_Config))
<BR><BR>[Stack]<UL><LI>Max Depth = 32<LI>Call Chain = RCCEx_PLL2_Config
</UL>
<BR>[Calls]<UL><LI><a href="#[1d9]">&gt;&gt;</a>&nbsp;&nbsp;&nbsp;HAL_GetTick
</UL>
<BR>[Called By]<UL><LI><a href="#[1ea]">&gt;&gt;</a>&nbsp;&nbsp;&nbsp;HAL_RCCEx_PeriphCLKConfig
</UL>

<P><STRONG><a name="[1ec]"></a>RCCEx_PLL3_Config</STRONG> (Thumb, 284 bytes, Stack size 32 bytes, stm32h7xx_hal_rcc_ex.o(i.RCCEx_PLL3_Config))
<BR><BR>[Stack]<UL><LI>Max Depth = 32<LI>Call Chain = RCCEx_PLL3_Config
</UL>
<BR>[Calls]<UL><LI><a href="#[1d9]">&gt;&gt;</a>&nbsp;&nbsp;&nbsp;HAL_GetTick
</UL>
<BR>[Called By]<UL><LI><a href="#[1ea]">&gt;&gt;</a>&nbsp;&nbsp;&nbsp;HAL_RCCEx_PeriphCLKConfig
</UL>

<P><STRONG><a name="[206]"></a>I2C_Flush_TXDR</STRONG> (Thumb, 34 bytes, Stack size 0 bytes, stm32h7xx_hal_i2c.o(i.I2C_Flush_TXDR))
<BR><BR>[Called By]<UL><LI><a href="#[205]">&gt;&gt;</a>&nbsp;&nbsp;&nbsp;I2C_IsAcknowledgeFailed
</UL>

<P><STRONG><a name="[205]"></a>I2C_IsAcknowledgeFailed</STRONG> (Thumb, 132 bytes, Stack size 24 bytes, stm32h7xx_hal_i2c.o(i.I2C_IsAcknowledgeFailed))
<BR><BR>[Stack]<UL><LI>Max Depth = 24<LI>Call Chain = I2C_IsAcknowledgeFailed
</UL>
<BR>[Calls]<UL><LI><a href="#[1d9]">&gt;&gt;</a>&nbsp;&nbsp;&nbsp;HAL_GetTick
<LI><a href="#[206]">&gt;&gt;</a>&nbsp;&nbsp;&nbsp;I2C_Flush_TXDR
</UL>
<BR>[Called By]<UL><LI><a href="#[1dc]">&gt;&gt;</a>&nbsp;&nbsp;&nbsp;I2C_WaitOnTXISFlagUntilTimeout
<LI><a href="#[1dd]">&gt;&gt;</a>&nbsp;&nbsp;&nbsp;I2C_WaitOnSTOPFlagUntilTimeout
<LI><a href="#[36a]">&gt;&gt;</a>&nbsp;&nbsp;&nbsp;I2C_WaitOnRXNEFlagUntilTimeout
</UL>

<P><STRONG><a name="[1db]"></a>I2C_TransferConfig</STRONG> (Thumb, 40 bytes, Stack size 16 bytes, stm32h7xx_hal_i2c.o(i.I2C_TransferConfig))
<BR><BR>[Stack]<UL><LI>Max Depth = 16<LI>Call Chain = I2C_TransferConfig
</UL>
<BR>[Called By]<UL><LI><a href="#[1c7]">&gt;&gt;</a>&nbsp;&nbsp;&nbsp;HAL_I2C_Master_Transmit
<LI><a href="#[365]">&gt;&gt;</a>&nbsp;&nbsp;&nbsp;HAL_I2C_Master_Receive
</UL>

<P><STRONG><a name="[1da]"></a>I2C_WaitOnFlagUntilTimeout</STRONG> (Thumb, 90 bytes, Stack size 24 bytes, stm32h7xx_hal_i2c.o(i.I2C_WaitOnFlagUntilTimeout))
<BR><BR>[Stack]<UL><LI>Max Depth = 24<LI>Call Chain = I2C_WaitOnFlagUntilTimeout
</UL>
<BR>[Calls]<UL><LI><a href="#[1d9]">&gt;&gt;</a>&nbsp;&nbsp;&nbsp;HAL_GetTick
</UL>
<BR>[Called By]<UL><LI><a href="#[1c7]">&gt;&gt;</a>&nbsp;&nbsp;&nbsp;HAL_I2C_Master_Transmit
<LI><a href="#[365]">&gt;&gt;</a>&nbsp;&nbsp;&nbsp;HAL_I2C_Master_Receive
</UL>

<P><STRONG><a name="[36a]"></a>I2C_WaitOnRXNEFlagUntilTimeout</STRONG> (Thumb, 130 bytes, Stack size 24 bytes, stm32h7xx_hal_i2c.o(i.I2C_WaitOnRXNEFlagUntilTimeout))
<BR><BR>[Stack]<UL><LI>Max Depth = 48<LI>Call Chain = I2C_WaitOnRXNEFlagUntilTimeout &rArr; I2C_IsAcknowledgeFailed
</UL>
<BR>[Calls]<UL><LI><a href="#[1d9]">&gt;&gt;</a>&nbsp;&nbsp;&nbsp;HAL_GetTick
<LI><a href="#[205]">&gt;&gt;</a>&nbsp;&nbsp;&nbsp;I2C_IsAcknowledgeFailed
</UL>
<BR>[Called By]<UL><LI><a href="#[365]">&gt;&gt;</a>&nbsp;&nbsp;&nbsp;HAL_I2C_Master_Receive
</UL>

<P><STRONG><a name="[1dd]"></a>I2C_WaitOnSTOPFlagUntilTimeout</STRONG> (Thumb, 78 bytes, Stack size 16 bytes, stm32h7xx_hal_i2c.o(i.I2C_WaitOnSTOPFlagUntilTimeout))
<BR><BR>[Stack]<UL><LI>Max Depth = 40<LI>Call Chain = I2C_WaitOnSTOPFlagUntilTimeout &rArr; I2C_IsAcknowledgeFailed
</UL>
<BR>[Calls]<UL><LI><a href="#[1d9]">&gt;&gt;</a>&nbsp;&nbsp;&nbsp;HAL_GetTick
<LI><a href="#[205]">&gt;&gt;</a>&nbsp;&nbsp;&nbsp;I2C_IsAcknowledgeFailed
</UL>
<BR>[Called By]<UL><LI><a href="#[1c7]">&gt;&gt;</a>&nbsp;&nbsp;&nbsp;HAL_I2C_Master_Transmit
<LI><a href="#[365]">&gt;&gt;</a>&nbsp;&nbsp;&nbsp;HAL_I2C_Master_Receive
</UL>

<P><STRONG><a name="[1dc]"></a>I2C_WaitOnTXISFlagUntilTimeout</STRONG> (Thumb, 82 bytes, Stack size 16 bytes, stm32h7xx_hal_i2c.o(i.I2C_WaitOnTXISFlagUntilTimeout))
<BR><BR>[Stack]<UL><LI>Max Depth = 40<LI>Call Chain = I2C_WaitOnTXISFlagUntilTimeout &rArr; I2C_IsAcknowledgeFailed
</UL>
<BR>[Calls]<UL><LI><a href="#[1d9]">&gt;&gt;</a>&nbsp;&nbsp;&nbsp;HAL_GetTick
<LI><a href="#[205]">&gt;&gt;</a>&nbsp;&nbsp;&nbsp;I2C_IsAcknowledgeFailed
</UL>
<BR>[Called By]<UL><LI><a href="#[1c7]">&gt;&gt;</a>&nbsp;&nbsp;&nbsp;HAL_I2C_Master_Transmit
</UL>

<P><STRONG><a name="[1ca]"></a>DMA2D_SetConfig</STRONG> (Thumb, 156 bytes, Stack size 20 bytes, stm32h7xx_hal_dma2d.o(i.DMA2D_SetConfig))
<BR><BR>[Stack]<UL><LI>Max Depth = 20<LI>Call Chain = DMA2D_SetConfig
</UL>
<BR>[Called By]<UL><LI><a href="#[224]">&gt;&gt;</a>&nbsp;&nbsp;&nbsp;HAL_DMA2D_Start_IT
<LI><a href="#[1c9]">&gt;&gt;</a>&nbsp;&nbsp;&nbsp;HAL_DMA2D_BlendingStart_IT
</UL>

<P><STRONG><a name="[1e5]"></a>LTDC_SetConfig</STRONG> (Thumb, 464 bytes, Stack size 48 bytes, stm32h7xx_hal_ltdc.o(i.LTDC_SetConfig))
<BR><BR>[Stack]<UL><LI>Max Depth = 48<LI>Call Chain = LTDC_SetConfig
</UL>
<BR>[Called By]<UL><LI><a href="#[1e3]">&gt;&gt;</a>&nbsp;&nbsp;&nbsp;HAL_LTDC_ConfigLayer
</UL>

<P><STRONG><a name="[202]"></a>UARTEx_SetNbDataToProcess</STRONG> (Thumb, 82 bytes, Stack size 28 bytes, stm32h7xx_hal_uart_ex.o(i.UARTEx_SetNbDataToProcess))
<BR><BR>[Stack]<UL><LI>Max Depth = 28<LI>Call Chain = UARTEx_SetNbDataToProcess
</UL>
<BR>[Called By]<UL><LI><a href="#[203]">&gt;&gt;</a>&nbsp;&nbsp;&nbsp;HAL_UARTEx_SetTxFifoThreshold
<LI><a href="#[201]">&gt;&gt;</a>&nbsp;&nbsp;&nbsp;HAL_UARTEx_SetRxFifoThreshold
</UL>

<P><STRONG><a name="[3cf]"></a>prvCopyDataFromQueue</STRONG> (Thumb, 38 bytes, Stack size 8 bytes, queue.o(i.prvCopyDataFromQueue))
<BR><BR>[Stack]<UL><LI>Max Depth = 8<LI>Call Chain = prvCopyDataFromQueue
</UL>
<BR>[Calls]<UL><LI><a href="#[279]">&gt;&gt;</a>&nbsp;&nbsp;&nbsp;__aeabi_memcpy
</UL>
<BR>[Called By]<UL><LI><a href="#[3cc]">&gt;&gt;</a>&nbsp;&nbsp;&nbsp;xQueueReceiveFromISR
</UL>

<P><STRONG><a name="[3d0]"></a>prvCopyDataToQueue</STRONG> (Thumb, 108 bytes, Stack size 24 bytes, queue.o(i.prvCopyDataToQueue))
<BR><BR>[Stack]<UL><LI>Max Depth = 40<LI>Call Chain = prvCopyDataToQueue &rArr; xTaskPriorityDisinherit
</UL>
<BR>[Calls]<UL><LI><a href="#[356]">&gt;&gt;</a>&nbsp;&nbsp;&nbsp;xTaskPriorityDisinherit
<LI><a href="#[279]">&gt;&gt;</a>&nbsp;&nbsp;&nbsp;__aeabi_memcpy
</UL>
<BR>[Called By]<UL><LI><a href="#[330]">&gt;&gt;</a>&nbsp;&nbsp;&nbsp;xQueueGenericSend
</UL>

<P><STRONG><a name="[338]"></a>prvInitialiseNewQueue</STRONG> (Thumb, 22 bytes, Stack size 0 bytes, queue.o(i.prvInitialiseNewQueue))
<BR><BR>[Stack]<UL><LI>Max Depth = 56<LI>Call Chain = prvInitialiseNewQueue &rArr; xQueueGenericReset &rArr; xTaskRemoveFromEventList
</UL>
<BR>[Calls]<UL><LI><a href="#[339]">&gt;&gt;</a>&nbsp;&nbsp;&nbsp;xQueueGenericReset
</UL>
<BR>[Called By]<UL><LI><a href="#[32e]">&gt;&gt;</a>&nbsp;&nbsp;&nbsp;xQueueGenericCreateStatic
<LI><a href="#[32f]">&gt;&gt;</a>&nbsp;&nbsp;&nbsp;xQueueGenericCreate
</UL>

<P><STRONG><a name="[33a]"></a>prvIsQueueEmpty</STRONG> (Thumb, 28 bytes, Stack size 8 bytes, queue.o(i.prvIsQueueEmpty))
<BR><BR>[Stack]<UL><LI>Max Depth = 8<LI>Call Chain = prvIsQueueEmpty
</UL>
<BR>[Calls]<UL><LI><a href="#[336]">&gt;&gt;</a>&nbsp;&nbsp;&nbsp;vPortExitCritical
<LI><a href="#[335]">&gt;&gt;</a>&nbsp;&nbsp;&nbsp;vPortEnterCritical
</UL>
<BR>[Called By]<UL><LI><a href="#[3cd]">&gt;&gt;</a>&nbsp;&nbsp;&nbsp;xQueueSemaphoreTake
</UL>

<P><STRONG><a name="[33b]"></a>prvUnlockQueue</STRONG> (Thumb, 106 bytes, Stack size 24 bytes, queue.o(i.prvUnlockQueue))
<BR><BR>[Stack]<UL><LI>Max Depth = 48<LI>Call Chain = prvUnlockQueue &rArr; xTaskRemoveFromEventList
</UL>
<BR>[Calls]<UL><LI><a href="#[33c]">&gt;&gt;</a>&nbsp;&nbsp;&nbsp;xTaskRemoveFromEventList
<LI><a href="#[33d]">&gt;&gt;</a>&nbsp;&nbsp;&nbsp;vTaskMissedYield
<LI><a href="#[336]">&gt;&gt;</a>&nbsp;&nbsp;&nbsp;vPortExitCritical
<LI><a href="#[335]">&gt;&gt;</a>&nbsp;&nbsp;&nbsp;vPortEnterCritical
</UL>
<BR>[Called By]<UL><LI><a href="#[3cd]">&gt;&gt;</a>&nbsp;&nbsp;&nbsp;xQueueSemaphoreTake
<LI><a href="#[330]">&gt;&gt;</a>&nbsp;&nbsp;&nbsp;xQueueGenericSend
</UL>

<P><STRONG><a name="[331]"></a>prvAddCurrentTaskToDelayedList</STRONG> (Thumb, 102 bytes, Stack size 24 bytes, tasks.o(i.prvAddCurrentTaskToDelayedList))
<BR><BR>[Stack]<UL><LI>Max Depth = 36<LI>Call Chain = prvAddCurrentTaskToDelayedList &rArr; vListInsert
</UL>
<BR>[Calls]<UL><LI><a href="#[333]">&gt;&gt;</a>&nbsp;&nbsp;&nbsp;vListInsertEnd
<LI><a href="#[334]">&gt;&gt;</a>&nbsp;&nbsp;&nbsp;vListInsert
<LI><a href="#[332]">&gt;&gt;</a>&nbsp;&nbsp;&nbsp;uxListRemove
</UL>
<BR>[Called By]<UL><LI><a href="#[3d3]">&gt;&gt;</a>&nbsp;&nbsp;&nbsp;vTaskPlaceOnEventList
<LI><a href="#[32b]">&gt;&gt;</a>&nbsp;&nbsp;&nbsp;vTaskDelay
</UL>

<P><STRONG><a name="[355]"></a>prvAddNewTaskToReadyList</STRONG> (Thumb, 194 bytes, Stack size 24 bytes, tasks.o(i.prvAddNewTaskToReadyList))
<BR><BR>[Stack]<UL><LI>Max Depth = 24<LI>Call Chain = prvAddNewTaskToReadyList
</UL>
<BR>[Calls]<UL><LI><a href="#[333]">&gt;&gt;</a>&nbsp;&nbsp;&nbsp;vListInsertEnd
<LI><a href="#[336]">&gt;&gt;</a>&nbsp;&nbsp;&nbsp;vPortExitCritical
<LI><a href="#[335]">&gt;&gt;</a>&nbsp;&nbsp;&nbsp;vPortEnterCritical
<LI><a href="#[351]">&gt;&gt;</a>&nbsp;&nbsp;&nbsp;vListInitialise
</UL>
<BR>[Called By]<UL><LI><a href="#[34c]">&gt;&gt;</a>&nbsp;&nbsp;&nbsp;xTaskCreateStatic
<LI><a href="#[353]">&gt;&gt;</a>&nbsp;&nbsp;&nbsp;xTaskCreate
</UL>

<P><STRONG><a name="[337]"></a>prvDeleteTCB</STRONG> (Thumb, 52 bytes, Stack size 8 bytes, tasks.o(i.prvDeleteTCB))
<BR><BR>[Stack]<UL><LI>Max Depth = 80<LI>Call Chain = prvDeleteTCB &rArr; vPortFree &rArr; xTaskResumeAll &rArr; xTaskIncrementTick
</UL>
<BR>[Calls]<UL><LI><a href="#[347]">&gt;&gt;</a>&nbsp;&nbsp;&nbsp;vPortFree
</UL>
<BR>[Called By]<UL><LI><a href="#[ae]">&gt;&gt;</a>&nbsp;&nbsp;&nbsp;prvIdleTask
</UL>

<P><STRONG><a name="[ae]"></a>prvIdleTask</STRONG> (Thumb, 82 bytes, Stack size 0 bytes, tasks.o(i.prvIdleTask))
<BR><BR>[Stack]<UL><LI>Max Depth = 80<LI>Call Chain = prvIdleTask &rArr; prvDeleteTCB &rArr; vPortFree &rArr; xTaskResumeAll &rArr; xTaskIncrementTick
</UL>
<BR>[Calls]<UL><LI><a href="#[332]">&gt;&gt;</a>&nbsp;&nbsp;&nbsp;uxListRemove
<LI><a href="#[336]">&gt;&gt;</a>&nbsp;&nbsp;&nbsp;vPortExitCritical
<LI><a href="#[335]">&gt;&gt;</a>&nbsp;&nbsp;&nbsp;vPortEnterCritical
<LI><a href="#[337]">&gt;&gt;</a>&nbsp;&nbsp;&nbsp;prvDeleteTCB
</UL>
<BR>[Address Reference Count : 1]<UL><LI> tasks.o(i.vTaskStartScheduler)
</UL>
<P><STRONG><a name="[354]"></a>prvInitialiseNewTask</STRONG> (Thumb, 154 bytes, Stack size 32 bytes, tasks.o(i.prvInitialiseNewTask))
<BR><BR>[Stack]<UL><LI>Max Depth = 48<LI>Call Chain = prvInitialiseNewTask &rArr; pxPortInitialiseStack
</UL>
<BR>[Calls]<UL><LI><a href="#[3d1]">&gt;&gt;</a>&nbsp;&nbsp;&nbsp;vListInitialiseItem
<LI><a href="#[3d2]">&gt;&gt;</a>&nbsp;&nbsp;&nbsp;pxPortInitialiseStack
</UL>
<BR>[Called By]<UL><LI><a href="#[34c]">&gt;&gt;</a>&nbsp;&nbsp;&nbsp;xTaskCreateStatic
<LI><a href="#[353]">&gt;&gt;</a>&nbsp;&nbsp;&nbsp;xTaskCreate
</UL>

<P><STRONG><a name="[358]"></a>prvResetNextTaskUnblockTime</STRONG> (Thumb, 26 bytes, Stack size 0 bytes, tasks.o(i.prvResetNextTaskUnblockTime))
<BR><BR>[Called By]<UL><LI><a href="#[342]">&gt;&gt;</a>&nbsp;&nbsp;&nbsp;xTaskResumeAll
<LI><a href="#[216]">&gt;&gt;</a>&nbsp;&nbsp;&nbsp;xTaskIncrementTick
</UL>

<P><STRONG><a name="[3cb]"></a>inHandlerMode</STRONG> (Thumb, 12 bytes, Stack size 0 bytes, cmsis_os.o(i.inHandlerMode))
<BR><BR>[Called By]<UL><LI><a href="#[258]">&gt;&gt;</a>&nbsp;&nbsp;&nbsp;osSemaphoreWait
<LI><a href="#[25a]">&gt;&gt;</a>&nbsp;&nbsp;&nbsp;osSemaphoreRelease
</UL>

<P><STRONG><a name="[3ce]"></a>makeFreeRtosPriority</STRONG> (Thumb, 14 bytes, Stack size 0 bytes, cmsis_os.o(i.makeFreeRtosPriority))
<BR><BR>[Called By]<UL><LI><a href="#[328]">&gt;&gt;</a>&nbsp;&nbsp;&nbsp;osThreadCreate
</UL>

<P><STRONG><a name="[340]"></a>prvHeapInit</STRONG> (Thumb, 70 bytes, Stack size 8 bytes, heap_4.o(i.prvHeapInit))
<BR><BR>[Stack]<UL><LI>Max Depth = 8<LI>Call Chain = prvHeapInit
</UL>
<BR>[Called By]<UL><LI><a href="#[33e]">&gt;&gt;</a>&nbsp;&nbsp;&nbsp;pvPortMalloc
</UL>

<P><STRONG><a name="[341]"></a>prvInsertBlockIntoFreeList</STRONG> (Thumb, 72 bytes, Stack size 12 bytes, heap_4.o(i.prvInsertBlockIntoFreeList))
<BR><BR>[Stack]<UL><LI>Max Depth = 12<LI>Call Chain = prvInsertBlockIntoFreeList
</UL>
<BR>[Called By]<UL><LI><a href="#[347]">&gt;&gt;</a>&nbsp;&nbsp;&nbsp;vPortFree
<LI><a href="#[33e]">&gt;&gt;</a>&nbsp;&nbsp;&nbsp;pvPortMalloc
</UL>

<P><STRONG><a name="[ac]"></a>prvTaskExitError</STRONG> (Thumb, 36 bytes, Stack size 0 bytes, port.o(i.prvTaskExitError))
<BR>[Address Reference Count : 1]<UL><LI> port.o(i.pxPortInitialiseStack)
</UL>
<P><STRONG><a name="[1b2]"></a>__sti___21_typedtextdatabase_cpp_05ec7672</STRONG> (Thumb, 12 bytes, Stack size 8 bytes, typedtextdatabase.o(i.__sti___21_typedtextdatabase_cpp_05ec7672))
<BR><BR>[Stack]<UL><LI>Max Depth = 152<LI>Call Chain = __sti___21_typedtextdatabase_cpp_05ec7672 &rArr; getFont_NotoSans_Regular_12_4bpp() &rArr; touchgfx::GeneratedFont::GeneratedFont(const touchgfx::GlyphNode*, unsigned short, unsigned short, unsigned char, unsigned char, unsigned char, unsigned char, unsigned char, const unsigned char*const *, const touchgfx::KerningNode*, unsigned short, unsigned short, const unsigned short*) &rArr; touchgfx::ConstFont::ConstFont__sub_object(const touchgfx::GlyphNode*, unsigned short, unsigned short, unsigned char, unsigned char, unsigned char, unsigned char, unsigned char, unsigned short, unsigned short)
</UL>
<BR>[Calls]<UL><LI><a href="#[21e]">&gt;&gt;</a>&nbsp;&nbsp;&nbsp;getFont_NotoSans_Regular_12_4bpp()
</UL>
<BR>[Address Reference Count : 1]<UL><LI> typedtextdatabase.o(.init_array)
</UL>
<P><STRONG><a name="[1b3]"></a>__sti___15_Application_cpp_63cd8d44</STRONG> (Thumb, 20 bytes, Stack size 8 bytes, application.o(i.__sti___15_Application_cpp_63cd8d44))
<BR><BR>[Stack]<UL><LI>Max Depth = 16<LI>Call Chain = __sti___15_Application_cpp_63cd8d44 &rArr; touchgfx::Rect::Rect(short, short, short, short)
</UL>
<BR>[Calls]<UL><LI><a href="#[265]">&gt;&gt;</a>&nbsp;&nbsp;&nbsp;touchgfx::Rect::Rect(short, short, short, short)
</UL>
<BR>[Address Reference Count : 1]<UL><LI> application.o(.init_array)
</UL>
<P><STRONG><a name="[1b4]"></a>__sti___7_LCD_cpp_86507772</STRONG> (Thumb, 8 bytes, Stack size 0 bytes, lcd.o(i.__sti___7_LCD_cpp_86507772))
<BR>[Address Reference Count : 1]<UL><LI> lcd.o(.init_array)
</UL>
<P><STRONG><a name="[3a1]"></a>touchgfx::lessThan(const touchgfx::Cell*, const touchgfx::Cell*)</STRONG> (Thumb, 32 bytes, Stack size 0 bytes, outline.o(i._ZN8touchgfx8lessThanEPKNS_4CellES2_))
<BR><BR>[Called By]<UL><LI><a href="#[2d6]">&gt;&gt;</a>&nbsp;&nbsp;&nbsp;touchgfx::Outline::qsortCells(touchgfx::Cell*, unsigned)
</UL>

<P><STRONG><a name="[3a0]"></a>touchgfx::swapCells(touchgfx::Cell*, touchgfx::Cell*)</STRONG> (Thumb, 20 bytes, Stack size 8 bytes, outline.o(i._ZN8touchgfx9swapCellsEPNS_4CellES1_))
<BR><BR>[Stack]<UL><LI>Max Depth = 8<LI>Call Chain = touchgfx::swapCells(touchgfx::Cell*, touchgfx::Cell*)
</UL>
<BR>[Called By]<UL><LI><a href="#[2d6]">&gt;&gt;</a>&nbsp;&nbsp;&nbsp;touchgfx::Outline::qsortCells(touchgfx::Cell*, unsigned)
</UL>

<P><STRONG><a name="[3c1]"></a>_printf_core</STRONG> (Thumb, 436 bytes, Stack size 96 bytes, printf3.o(i._printf_core), UNUSED)
<BR><BR>[Calls]<UL><LI><a href="#[3ca]">&gt;&gt;</a>&nbsp;&nbsp;&nbsp;__aeabi_uidivmod
</UL>
<BR>[Called By]<UL><LI><a href="#[3c0]">&gt;&gt;</a>&nbsp;&nbsp;&nbsp;__0printf$3
</UL>
<P>
<H3>
Undefined Global Symbols
</H3><HR></body></html>
