<html>
<body>
<pre>
<h1>µVision Build Log</h1>
<h2>Tool Versions:</h2>
IDE-Version: ¦ÌVision V5.35.0.0
Copyright (C) 2021 ARM Ltd and ARM Germany GmbH. All rights reserved.
License Information: zhang zhicheng, hah, LIC=76F5U-STGV1-01MP1-C1F0X-U7XGM-SVR9T
 
Tool Versions:
Toolchain:       MDK-ARM Plus  Version: 5.35.0.2
Toolchain Path:  C:\Keil_v5\ARM\ARMCC\Bin
C Compiler:      Armcc.exe V5.06 update 7 (build 960)
Assembler:       Armasm.exe V5.06 update 7 (build 960)
Linker/Locator:  ArmLink.exe V5.06 update 7 (build 960)
Library Manager: ArmAr.exe V5.06 update 7 (build 960)
Hex Converter:   FromElf.exe V5.06 update 7 (build 960)
CPU DLL:         SARMCM3.DLL V5.35.0.2
Dialog DLL:      DCM.DLL V1.17.3.0
Target DLL:      STLink\ST-LINKIII-KEIL_SWO.dll V3.0.9.0
Dialog DLL:      TCM.DLL V1.53.0.0
 
<h2>Project:</h2>
D:\STM32_touchGFX\template_touchgfx_demo - ¸±±¾\template_touchgfx_demo\MDK-ARM\template.uvprojx
Project File Date:  07/09/2021

<h2>Output:</h2>
*** Using Compiler 'V5.06 update 7 (build 960)', folder: 'C:\Keil_v5\ARM\ARMCC\Bin'
*** Warning: You are compiling one or more files of source type C++ and have selected 'use MicroLIB'. MicroLIB does not support C++!
  
Rebuild target 'template'
assembling startup_stm32h750xx.s...
compiling stm32h7xx_it.c...
compiling gt911.c...
compiling stm32h7xx_hal_timebase_tim.c...
compiling stm32h7xx_hal_msp.c...
compiling freertos.c...
compiling bsp_sdram.c...
compiling main.c...
compiling TouchGFXGPIO.cpp...
compiling app_touchgfx.c...
compiling OSWrappers.cpp...
compiling STM32TouchController.cpp...
compiling TouchGFXHAL.cpp...
compiling STM32DMA.cpp...
compiling stm32h7xx_hal_cortex.c...
compiling stm32h7xx_hal_crc.c...
compiling TouchGFXGeneratedHAL.cpp...
../touchgfx/gui/include/gui/main_screen/MainView.hpp(17): warning:  #1300-D: handleTickEvent inherits implicit virtual
      void handleTickEvent();
../TouchGFX/target/generated/TouchGFXGeneratedHAL.cpp: 1 warning, 0 errors
compiling TouchGFXConfiguration.cpp...
../touchgfx/gui/include/gui/main_screen/MainView.hpp(17): warning:  #1300-D: handleTickEvent inherits implicit virtual
      void handleTickEvent();
../TouchGFX/target/generated/TouchGFXConfiguration.cpp: 1 warning, 0 errors
compiling stm32h7xx_hal_crc_ex.c...
compiling stm32h7xx_hal_rcc.c...
compiling stm32h7xx_hal_hsem.c...
compiling stm32h7xx_hal_gpio.c...
compiling stm32h7xx_hal_flash.c...
compiling stm32h7xx_hal_flash_ex.c...
compiling stm32h7xx_hal_rcc_ex.c...
compiling stm32h7xx_hal_pwr.c...
compiling stm32h7xx_hal_pwr_ex.c...
compiling stm32h7xx_hal_dma_ex.c...
compiling stm32h7xx_hal.c...
compiling stm32h7xx_hal_mdma.c...
compiling stm32h7xx_hal_dma.c...
compiling stm32h7xx_hal_i2c_ex.c...
compiling stm32h7xx_hal_exti.c...
compiling stm32h7xx_ll_fmc.c...
compiling stm32h7xx_hal_sdram.c...
compiling stm32h7xx_hal_dma2d.c...
compiling stm32h7xx_hal_ltdc.c...
compiling stm32h7xx_hal_i2c.c...
compiling stm32h7xx_hal_ltdc_ex.c...
compiling croutine.c...
compiling event_groups.c...
compiling list.c...
compiling stm32h7xx_hal_uart_ex.c...
compiling system_stm32h7xx.c...
compiling stm32h7xx_hal_tim_ex.c...
compiling timers.c...
compiling stream_buffer.c...
compiling queue.c...
compiling stm32h7xx_hal_uart.c...
compiling heap_4.c...
compiling tasks.c...
compiling FrontendApplication.cpp...
compiling port.c...
compiling cmsis_os.c...
compiling Model.cpp...
compiling stm32h7xx_hal_tim.c...
compiling MainPresenter.cpp...
../touchgfx/gui/include/gui/main_screen/MainView.hpp(17): warning:  #1300-D: handleTickEvent inherits implicit virtual
      void handleTickEvent();
../touchgfx/gui/src/main_screen/mainpresenter.cpp: 1 warning, 0 errors
compiling BitmapDatabase.cpp...
compiling ApplicationFontProvider.cpp...
compiling Font_NotoSans_Regular_12_4bpp_0.cpp...
compiling CachedFont.cpp...
compiling MainView.cpp...
../touchgfx/gui/include/gui/main_screen/MainView.hpp(17): warning:  #1300-D: handleTickEvent inherits implicit virtual
      void handleTickEvent();
../touchgfx/gui/src/main_screen/mainview.cpp: 1 warning, 0 errors
compiling image_Blue_Slider_Vertical_Small_Indicators_Slider3_Vertical_Round_nob.cpp...
compiling GeneratedFont.cpp...
compiling image_Blue_Slider_Vertical_Small_Slider3_Vertical_Round_back.cpp...
compiling image_Blue_Slider_Vertical_Small_Slider3_Vertical_Round_fill.cpp...
compiling FontCache.cpp...
compiling LanguageGb.cpp...
compiling Kerning_NotoSans_Regular_12_4bpp.cpp...
compiling Table_NotoSans_Regular_12_4bpp.cpp...
compiling TypedTextDatabase.cpp...
compiling FrontendApplicationBase.cpp...
../touchgfx/gui/include/gui/main_screen/MainView.hpp(17): warning:  #1300-D: handleTickEvent inherits implicit virtual
      void handleTickEvent();
../touchgfx/generated/gui_generated/src/common/frontendapplicationbase.cpp: 1 warning, 0 errors
compiling Texts.cpp...
compiling UnmappedDataFont.cpp...
compiling MainViewBase.cpp...
linking...
Program Size: Code=66992 RO-data=42116 RW-data=504 ZI-data=35768  
FromELF: creating hex file...
"template\template.axf" - 0 Error(s), 5 Warning(s).

<h2>Software Packages used:</h2>

Package Vendor: ARM
                http://www.keil.com/pack/ARM.CMSIS.5.8.0.pack
                ARM.CMSIS.5.8.0
                CMSIS (Common Microcontroller Software Interface Standard)
   * Component: CORE Version: 5.5.0

Package Vendor: Keil
                http://www.keil.com/pack/Keil.STM32H7xx_DFP.2.7.0.pack
                Keil.STM32H7xx_DFP.2.7.0
                STMicroelectronics STM32H7 Series Device Support and Examples

<h2>Collection of Component include folders:</h2>
  .\RTE\_template
  C:\Users\60159\AppData\Local\Arm\Packs\ARM\CMSIS\5.8.0\CMSIS\Core\Include
  C:\Users\60159\AppData\Local\Arm\Packs\Keil\STM32H7xx_DFP\2.7.0\Drivers\CMSIS\Device\ST\STM32H7xx\Include

<h2>Collection of Component Files used:</h2>

   * Component: ARM::CMSIS:CORE:5.5.0
Build Time Elapsed:  00:00:07
</pre>
</body>
</html>
